"../../../Engine/Content/EditorResources/S_Actor.ubulk" 0
"../../../Engine/Content/EditorResources/S_Actor.uasset" 1
"../../../Engine/Content/EditorResources/S_Actor.uexp" 2
"../../../Engine/Content/EditorResources/S_BoxReflectionCapture.uasset" 3
"../../../Engine/Content/EditorResources/S_BoxReflectionCapture.uexp" 4
"../../../Engine/Content/EngineResources/DefaultTexture.ubulk" 5
"../../../Engine/Content/EngineResources/DefaultTexture.uasset" 6
"../../../Engine/Content/EngineResources/DefaultTexture.uexp" 7
"../../../Engine/Content/EngineResources/DefaultTextureCube.uasset" 8
"../../../Engine/Content/EngineResources/DefaultTextureCube.uexp" 9
"../../../Engine/Content/EngineResources/DefaultVolumeTexture2D.uasset" 10
"../../../Engine/Content/EngineResources/DefaultVolumeTexture2D.uexp" 11
"../../../Engine/Content/EngineResources/DefaultVolumeTexture.uasset" 12
"../../../Engine/Content/EngineResources/DefaultVolumeTexture.uexp" 13
"../../../Engine/Content/EditorResources/S_Trigger.ubulk" 14
"../../../Engine/Content/EditorResources/S_Trigger.uasset" 15
"../../../Engine/Content/EditorResources/S_Trigger.uexp" 16
"../../../Engine/Content/EditorResources/S_TriggerBox.uasset" 17
"../../../Engine/Content/EditorResources/S_TriggerBox.uexp" 18
"../../../Engine/Content/EditorResources/S_TriggerCapsule.uasset" 19
"../../../Engine/Content/EditorResources/S_TriggerCapsule.uexp" 20
"../../../Engine/Content/EditorResources/S_TriggerSphere.uasset" 21
"../../../Engine/Content/EditorResources/S_TriggerSphere.uexp" 22
"../../../Engine/Content/EngineMeshes/Sphere.ubulk" 23
"../../../Engine/Content/EngineMeshes/Sphere.uasset" 24
"../../../Engine/Content/EngineMeshes/Sphere.uexp" 25
"../../../Engine/Content/EngineResources/GradientTexture0.uasset" 26
"../../../Engine/Content/EngineResources/GradientTexture0.uexp" 27
"../../../Engine/Content/EngineResources/Black.uasset" 28
"../../../Engine/Content/EngineResources/Black.uexp" 29
"../../../Engine/Content/VREditor/LaserPointer/VR_LaserPower_01.ubulk" 30
"../../../Engine/Content/VREditor/LaserPointer/VR_LaserPower_01.uasset" 31
"../../../Engine/Content/VREditor/LaserPointer/VR_LaserPower_01.uexp" 32
"../../../Engine/Content/VREditor/TransformGizmo/TransformGizmoMaterial.uasset" 33
"../../../Engine/Content/VREditor/TransformGizmo/TransformGizmoMaterial.uexp" 34
"../../../Engine/Content/VREditor/TransformGizmo/TranslucentTransformGizmoMaterial.uasset" 35
"../../../Engine/Content/VREditor/TransformGizmo/TranslucentTransformGizmoMaterial.uexp" 36
"../../../Engine/Content/VREditor/TransformGizmo/PlaneTranslationHandle.ubulk" 37
"../../../Engine/Content/VREditor/TransformGizmo/PlaneTranslationHandle.uasset" 38
"../../../Engine/Content/VREditor/TransformGizmo/PlaneTranslationHandle.uexp" 39
"../../../Engine/Content/VREditor/TransformGizmo/BoundingBoxCorner.ubulk" 40
"../../../Engine/Content/VREditor/TransformGizmo/BoundingBoxCorner.uasset" 41
"../../../Engine/Content/VREditor/TransformGizmo/BoundingBoxCorner.uexp" 42
"../../../Engine/Content/VREditor/TransformGizmo/BoundingBoxEdge.ubulk" 43
"../../../Engine/Content/VREditor/TransformGizmo/BoundingBoxEdge.uasset" 44
"../../../Engine/Content/VREditor/TransformGizmo/BoundingBoxEdge.uexp" 45
"../../../Engine/Content/VREditor/TransformGizmo/Main.uasset" 46
"../../../Engine/Content/VREditor/TransformGizmo/Main.uexp" 47
"../../../Engine/Content/VREditor/TransformGizmo/Xray.uasset" 48
"../../../Engine/Content/VREditor/TransformGizmo/Xray.uexp" 49
"../../../Engine/Content/VREditor/TransformGizmo/SM_Sequencer_Node.ubulk" 50
"../../../Engine/Content/VREditor/TransformGizmo/SM_Sequencer_Node.uasset" 51
"../../../Engine/Content/VREditor/TransformGizmo/SM_Sequencer_Node.uexp" 52
"../../../Engine/Content/EditorMaterials/Camera/CineMat.uasset" 53
"../../../Engine/Content/EditorMaterials/Camera/CineMat.uexp" 54
"../../../Engine/Content/EditorMaterials/Camera/MI_CineMat_Rig.uasset" 55
"../../../Engine/Content/EditorMaterials/Camera/MI_CineMat_Rig.uexp" 56
"../../../Engine/Content/EditorMeshes/Camera/SM_CraneRig_Base.ubulk" 57
"../../../Engine/Content/EditorMeshes/Camera/SM_CraneRig_Base.uasset" 58
"../../../Engine/Content/EditorMeshes/Camera/SM_CraneRig_Base.uexp" 59
"../../../Engine/Content/EditorMeshes/Camera/SM_CraneRig_Arm.ubulk" 60
"../../../Engine/Content/EditorMeshes/Camera/SM_CraneRig_Arm.uasset" 61
"../../../Engine/Content/EditorMeshes/Camera/SM_CraneRig_Arm.uexp" 62
"../../../Engine/Content/EditorMeshes/Camera/SM_CraneRig_Mount.ubulk" 63
"../../../Engine/Content/EditorMeshes/Camera/SM_CraneRig_Mount.uasset" 64
"../../../Engine/Content/EditorMeshes/Camera/SM_CraneRig_Mount.uexp" 65
"../../../Engine/Content/EditorMeshes/Camera/SM_CraneRig_Body.ubulk" 66
"../../../Engine/Content/EditorMeshes/Camera/SM_CraneRig_Body.uasset" 67
"../../../Engine/Content/EditorMeshes/Camera/SM_CraneRig_Body.uexp" 68
"../../../Engine/Content/EditorMeshes/Camera/SM_RailRig_Track.ubulk" 69
"../../../Engine/Content/EditorMeshes/Camera/SM_RailRig_Track.uasset" 70
"../../../Engine/Content/EditorMeshes/Camera/SM_RailRig_Track.uexp" 71
"../../../Engine/Content/EditorMeshes/Camera/SM_RailRig_Mount.ubulk" 72
"../../../Engine/Content/EditorMeshes/Camera/SM_RailRig_Mount.uasset" 73
"../../../Engine/Content/EditorMeshes/Camera/SM_RailRig_Mount.uexp" 74
"../../../Engine/Content/EngineMaterials/T_Default_Material_Grid_M.ubulk" 75
"../../../Engine/Content/EngineMaterials/T_Default_Material_Grid_M.uasset" 76
"../../../Engine/Content/EngineMaterials/T_Default_Material_Grid_M.uexp" 77
"../../../Engine/Content/EngineMaterials/T_Default_Material_Grid_N.ubulk" 78
"../../../Engine/Content/EngineMaterials/T_Default_Material_Grid_N.uasset" 79
"../../../Engine/Content/EngineMaterials/T_Default_Material_Grid_N.uexp" 80
"../../../Engine/Content/Functions/Engine_MaterialFunctions01/Opacity/CameraDepthFade.uasset" 81
"../../../Engine/Content/Functions/Engine_MaterialFunctions01/Opacity/CameraDepthFade.uexp" 82
"../../../Engine/Content/EngineMaterials/WorldGridMaterial.uasset" 83
"../../../Engine/Content/EngineMaterials/WorldGridMaterial.uexp" 84
"../../../Engine/Content/ArtTools/RenderToTexture/Meshes/S_1_Unit_Plane.ubulk" 85
"../../../Engine/Content/ArtTools/RenderToTexture/Meshes/S_1_Unit_Plane.uasset" 86
"../../../Engine/Content/ArtTools/RenderToTexture/Meshes/S_1_Unit_Plane.uexp" 87
"../../../Engine/Content/EditorMaterials/ParticleSystems/PSysThumbnail_NoImage.ubulk" 88
"../../../Engine/Content/EditorMaterials/ParticleSystems/PSysThumbnail_NoImage.uasset" 89
"../../../Engine/Content/EditorMaterials/ParticleSystems/PSysThumbnail_NoImage.uexp" 90
"../../../Engine/Content/EditorMaterials/ParticleSystems/PSysThumbnail_OOD.ubulk" 91
"../../../Engine/Content/EditorMaterials/ParticleSystems/PSysThumbnail_OOD.uasset" 92
"../../../Engine/Content/EditorMaterials/ParticleSystems/PSysThumbnail_OOD.uexp" 93
"../../../Engine/Content/EditorLandscapeResources/SplineEditorMeshMat.uasset" 94
"../../../Engine/Content/EditorLandscapeResources/SplineEditorMeshMat.uexp" 95
"../../../Engine/Content/EditorLandscapeResources/SplineEditorMesh.ubulk" 96
"../../../Engine/Content/EditorLandscapeResources/SplineEditorMesh.uasset" 97
"../../../Engine/Content/EditorLandscapeResources/SplineEditorMesh.uexp" 98
"../../../Engine/Content/EditorResources/S_Solver.ubulk" 99
"../../../Engine/Content/EditorResources/S_Solver.uasset" 100
"../../../Engine/Content/EditorResources/S_Solver.uexp" 101
"../../../Engine/Content/EditorMeshes/EditorSphere.ubulk" 102
"../../../Engine/Content/EditorMeshes/EditorSphere.uasset" 103
"../../../Engine/Content/EditorMeshes/EditorSphere.uexp" 104
"../../../Engine/Plugins/Media/MediaPlate/Content/SM_MediaPlateScreen.ubulk" 105
"../../../Engine/Plugins/Media/MediaPlate/Content/SM_MediaPlateScreen.uasset" 106
"../../../Engine/Plugins/Media/MediaPlate/Content/SM_MediaPlateScreen.uexp" 107
"../../../Engine/Content/EngineMaterials/Good64x64TilingNoiseHighFreq.uasset" 108
"../../../Engine/Content/EngineMaterials/Good64x64TilingNoiseHighFreq.uexp" 109
"../../../Engine/Content/EngineMaterials/DefaultBokeh.uasset" 110
"../../../Engine/Content/EngineMaterials/DefaultBokeh.uexp" 111
"../../../Engine/Content/EngineMaterials/PreintegratedSkinBRDF.uasset" 112
"../../../Engine/Content/EngineMaterials/PreintegratedSkinBRDF.uexp" 113
"../../../Engine/Content/EngineMaterials/MiniFont.uasset" 114
"../../../Engine/Content/EngineMaterials/MiniFont.uexp" 115
"../../../Engine/Content/EngineMaterials/WeightMapPlaceholderTexture.uasset" 116
"../../../Engine/Content/EngineMaterials/WeightMapPlaceholderTexture.uexp" 117
"../../../Engine/Content/EngineMaterials/DefaultWhiteGrid.ubulk" 118
"../../../Engine/Content/EngineMaterials/DefaultWhiteGrid.uasset" 119
"../../../Engine/Content/EngineMaterials/DefaultWhiteGrid.uexp" 120
"../../../Engine/Content/EngineMaterials/DefaultMaterial.uasset" 121
"../../../Engine/Content/EngineMaterials/DefaultMaterial.uexp" 122
"../../../Engine/Content/BasicShapes/Sphere.ubulk" 123
"../../../Engine/Content/BasicShapes/Sphere.uasset" 124
"../../../Engine/Content/BasicShapes/Sphere.uexp" 125
"../../../Engine/Content/BasicShapes/Plane.ubulk" 126
"../../../Engine/Content/BasicShapes/Plane.uasset" 127
"../../../Engine/Content/BasicShapes/Plane.uexp" 128
"../../../Engine/Content/BasicShapes/Cylinder.ubulk" 129
"../../../Engine/Content/BasicShapes/Cylinder.uasset" 130
"../../../Engine/Content/BasicShapes/Cylinder.uexp" 131
"../../../Engine/Content/BasicShapes/Cube.ubulk" 132
"../../../Engine/Content/BasicShapes/Cube.uasset" 133
"../../../Engine/Content/BasicShapes/Cube.uexp" 134
"../../../Engine/Content/BasicShapes/Cone.ubulk" 135
"../../../Engine/Content/BasicShapes/Cone.uasset" 136
"../../../Engine/Content/BasicShapes/Cone.uexp" 137
"../../../Engine/Content/EditorLandscapeResources/DefaultAlphaTexture.uasset" 138
"../../../Engine/Content/EditorLandscapeResources/DefaultAlphaTexture.uexp" 139
"../../../Engine/Content/EditorLandscapeResources/DataLayer.uasset" 140
"../../../Engine/Content/EditorLandscapeResources/DataLayer.uexp" 141
"../../../Engine/Content/EditorMaterials/PreviewShadowIndicator.ubulk" 142
"../../../Engine/Content/EditorMaterials/PreviewShadowIndicator.uasset" 143
"../../../Engine/Content/EditorMaterials/PreviewShadowIndicator.uexp" 144
"../../../Engine/Content/EditorMaterials/PreviewShadowIndicatorMaterial.uasset" 145
"../../../Engine/Content/EditorMaterials/PreviewShadowIndicatorMaterial.uexp" 146
"../../../Engine/Content/EditorMaterials/PhAT_UnselectedMaterial.uasset" 147
"../../../Engine/Content/EditorMaterials/PhAT_UnselectedMaterial.uexp" 148
"../../../Engine/Content/EditorMaterials/PhAT_NoCollisionMaterial.uasset" 149
"../../../Engine/Content/EditorMaterials/PhAT_NoCollisionMaterial.uexp" 150
"../../../Engine/Content/Functions/Engine_MaterialFunctions02/Utility/MakeFloat4.uasset" 151
"../../../Engine/Content/Functions/Engine_MaterialFunctions02/Utility/MakeFloat4.uexp" 152
"../../../Engine/Content/Functions/Engine_MaterialFunctions02/Utility/MakeFloat3.uasset" 153
"../../../Engine/Content/Functions/Engine_MaterialFunctions02/Utility/MakeFloat3.uexp" 154
"../../../Engine/Content/Functions/Engine_MaterialFunctions02/Utility/BreakOutFloat3Components.uasset" 155
"../../../Engine/Content/Functions/Engine_MaterialFunctions02/Utility/BreakOutFloat3Components.uexp" 156
"../../../Engine/Content/EditorMaterials/WorldPartition/WorldPartitionSpatialHashGridPreviewMaterial.uasset" 157
"../../../Engine/Content/EditorMaterials/WorldPartition/WorldPartitionSpatialHashGridPreviewMaterial.uexp" 158
"../../../Engine/Content/EditorResources/S_Terrain.ubulk" 159
"../../../Engine/Content/EditorResources/S_Terrain.uasset" 160
"../../../Engine/Content/EditorResources/S_Terrain.uexp" 161
"../../../Engine/Content/EditorResources/EmptyActor.uasset" 162
"../../../Engine/Content/EditorResources/EmptyActor.uexp" 163
"../../../Engine/Content/EditorResources/BSPVertex.uasset" 164
"../../../Engine/Content/EditorResources/BSPVertex.uexp" 165
"../../../Engine/Content/EditorResources/SequenceRecorder/RecordingIndicator.uasset" 166
"../../../Engine/Content/EditorResources/SequenceRecorder/RecordingIndicator.uexp" 167
"../../../Engine/Content/EditorResources/SequenceRecorder/Countdown.uasset" 168
"../../../Engine/Content/EditorResources/SequenceRecorder/Countdown.uexp" 169
"../../../Engine/Content/EngineDamageTypes/DmgTypeBP_Environmental.uasset" 170
"../../../Engine/Content/EngineDamageTypes/DmgTypeBP_Environmental.uexp" 171
"../../../Engine/Content/Functions/Engine_MaterialFunctions02/Utility/CameraDirectionVector.uasset" 172
"../../../Engine/Content/Functions/Engine_MaterialFunctions02/Utility/CameraDirectionVector.uexp" 173
"../../../Engine/Content/EngineDebugMaterials/VolumeToRender.uasset" 174
"../../../Engine/Content/EngineDebugMaterials/VolumeToRender.uexp" 175
"../../../Engine/Content/EngineDebugMaterials/M_VolumeRenderSphereTracePP.uasset" 176
"../../../Engine/Content/EngineDebugMaterials/M_VolumeRenderSphereTracePP.uexp" 177
"../../../Engine/Content/EngineDebugMaterials/M_SimpleUnlitTranslucent.uasset" 178
"../../../Engine/Content/EngineDebugMaterials/M_SimpleUnlitTranslucent.uexp" 179
"../../../Engine/Content/EngineDebugMaterials/DebugMeshMaterial.uasset" 180
"../../../Engine/Content/EngineDebugMaterials/DebugMeshMaterial.uexp" 181
"../../../Engine/Content/EngineDebugMaterials/DebugEditorMaterial.uasset" 182
"../../../Engine/Content/EngineDebugMaterials/DebugEditorMaterial.uexp" 183
"../../../Engine/Content/EngineFonts/Faces/RobotoLight.uexp" 184
"../../../Engine/Content/EngineFonts/Faces/RobotoLight.uasset" 185
"../../../Engine/Content/EngineFonts/Faces/RobotoLight.ufont" 186
"../../../Engine/Content/EngineFonts/Faces/RobotoBold.uexp" 187
"../../../Engine/Content/EngineFonts/Faces/RobotoBold.uasset" 188
"../../../Engine/Content/EngineFonts/Faces/RobotoBold.ufont" 189
"../../../Engine/Content/EngineFonts/Faces/RobotoRegular.uexp" 190
"../../../Engine/Content/EngineFonts/Faces/RobotoRegular.uasset" 191
"../../../Engine/Content/EngineFonts/Faces/RobotoRegular.ufont" 192
"../../../Engine/Content/EngineFonts/Faces/DroidSansFallback.uexp" 193
"../../../Engine/Content/EngineFonts/Faces/DroidSansFallback.uasset" 194
"../../../Engine/Content/EngineFonts/Faces/DroidSansFallback.ufont" 195
"../../../Engine/Content/EngineFonts/Faces/RobotoItalic.uexp" 196
"../../../Engine/Content/EngineFonts/Faces/RobotoItalic.uasset" 197
"../../../Engine/Content/EngineFonts/Faces/RobotoItalic.ufont" 198
"../../../Engine/Content/EngineFonts/Faces/RobotoBoldItalic.uexp" 199
"../../../Engine/Content/EngineFonts/Faces/RobotoBoldItalic.uasset" 200
"../../../Engine/Content/EngineFonts/Faces/RobotoBoldItalic.ufont" 201
"../../../Engine/Content/EngineFonts/Roboto.uasset" 202
"../../../Engine/Content/EngineFonts/Roboto.uexp" 203
"../../../Engine/Content/EngineResources/WhiteSquareTexture.uasset" 204
"../../../Engine/Content/EngineResources/WhiteSquareTexture.uexp" 205
"../../../Engine/Content/EngineMaterials/Widget3DPassThrough.uasset" 206
"../../../Engine/Content/EngineMaterials/Widget3DPassThrough.uexp" 207
"../../../Engine/Content/EngineMaterials/Widget3DPassThrough_Translucent.uasset" 208
"../../../Engine/Content/EngineMaterials/Widget3DPassThrough_Translucent.uexp" 209
"../../../Engine/Content/EngineMaterials/Widget3DPassThrough_Translucent_OneSided.uasset" 210
"../../../Engine/Content/EngineMaterials/Widget3DPassThrough_Translucent_OneSided.uexp" 211
"../../../Engine/Content/EngineMaterials/Widget3DPassThrough_Opaque.uasset" 212
"../../../Engine/Content/EngineMaterials/Widget3DPassThrough_Opaque.uexp" 213
"../../../Engine/Content/EngineMaterials/Widget3DPassThrough_Opaque_OneSided.uasset" 214
"../../../Engine/Content/EngineMaterials/Widget3DPassThrough_Opaque_OneSided.uexp" 215
"../../../Engine/Content/EngineMaterials/Widget3DPassThrough_Masked_OneSided.uasset" 216
"../../../Engine/Content/EngineMaterials/Widget3DPassThrough_Masked_OneSided.uexp" 217
"../../../Engine/Content/EngineMaterials/Widget3DPassThrough_Masked.uasset" 218
"../../../Engine/Content/EngineMaterials/Widget3DPassThrough_Masked.uexp" 219
"../../../Engine/Content/EngineMaterials/STBlueNoise_vec2_128x128x64.uasset" 220
"../../../Engine/Content/EngineMaterials/STBlueNoise_vec2_128x128x64.uexp" 221
"../../../Engine/Content/EngineMaterials/STBlueNoise_scalar_128x128x64.uasset" 222
"../../../Engine/Content/EngineMaterials/STBlueNoise_scalar_128x128x64.uexp" 223
"../../../Engine/Content/EngineMaterials/RemoveSurfaceMaterial.uasset" 224
"../../../Engine/Content/EngineMaterials/RemoveSurfaceMaterial.uexp" 225
"../../../Engine/Content/EngineMaterials/DefaultCalibrationGrayscale.uasset" 226
"../../../Engine/Content/EngineMaterials/DefaultCalibrationGrayscale.uexp" 227
"../../../Engine/Content/EngineMaterials/PPM_DefaultCalibrationGrayscale.uasset" 228
"../../../Engine/Content/EngineMaterials/PPM_DefaultCalibrationGrayscale.uexp" 229
"../../../Engine/Content/EngineMaterials/DefaultCalibrationColor.uasset" 230
"../../../Engine/Content/EngineMaterials/DefaultCalibrationColor.uexp" 231
"../../../Engine/Content/EngineMaterials/PPM_DefaultCalibrationColor.uasset" 232
"../../../Engine/Content/EngineMaterials/PPM_DefaultCalibrationColor.uexp" 233
"../../../Engine/Content/Functions/Engine_MaterialFunctions02/WorldPositionOffset/CameraOffset.uasset" 234
"../../../Engine/Content/Functions/Engine_MaterialFunctions02/WorldPositionOffset/CameraOffset.uexp" 235
"../../../Engine/Content/EngineMaterials/PhAT_JointLimitMaterial.uasset" 236
"../../../Engine/Content/EngineMaterials/PhAT_JointLimitMaterial.uexp" 237
"../../../Engine/Content/EngineMaterials/InvalidLightmapSettings.ubulk" 238
"../../../Engine/Content/EngineMaterials/InvalidLightmapSettings.uasset" 239
"../../../Engine/Content/EngineMaterials/InvalidLightmapSettings.uexp" 240
"../../../Engine/Content/EngineMaterials/M_InvalidLightmapSettings.uasset" 241
"../../../Engine/Content/EngineMaterials/M_InvalidLightmapSettings.uexp" 242
"../../../Engine/Content/EngineMaterials/GizmoMaterial.uasset" 243
"../../../Engine/Content/EngineMaterials/GizmoMaterial.uexp" 244
"../../../Engine/Content/EngineMaterials/BaseFlattenEmissiveMap_VT.uasset" 245
"../../../Engine/Content/EngineMaterials/BaseFlattenEmissiveMap_VT.uexp" 246
"../../../Engine/Content/EngineMaterials/BaseFlattenGrayscaleMap_VT.uasset" 247
"../../../Engine/Content/EngineMaterials/BaseFlattenGrayscaleMap_VT.uexp" 248
"../../../Engine/Content/EngineMaterials/BaseFlattenLinearColor_VT.uasset" 249
"../../../Engine/Content/EngineMaterials/BaseFlattenLinearColor_VT.uexp" 250
"../../../Engine/Content/EngineMaterials/Black_1x1_EXR_Texture_VT.uasset" 251
"../../../Engine/Content/EngineMaterials/Black_1x1_EXR_Texture_VT.uexp" 252
"../../../Engine/Content/EngineMaterials/BaseFlattenDiffuseMap_VT.uasset" 253
"../../../Engine/Content/EngineMaterials/BaseFlattenDiffuseMap_VT.uexp" 254
"../../../Engine/Content/EngineMaterials/BaseFlattenNormalMap_VT.uasset" 255
"../../../Engine/Content/EngineMaterials/BaseFlattenNormalMap_VT.uexp" 256
"../../../Engine/Content/EngineMaterials/FlattenMaterial_WS_Normal_VT.uasset" 257
"../../../Engine/Content/EngineMaterials/FlattenMaterial_WS_Normal_VT.uexp" 258
"../../../Engine/Content/EngineMaterials/FlattenMaterial_VT.uasset" 259
"../../../Engine/Content/EngineMaterials/FlattenMaterial_VT.uexp" 260
"../../../Engine/Content/EngineMaterials/BaseFlattenNormalMap.uasset" 261
"../../../Engine/Content/EngineMaterials/BaseFlattenNormalMap.uexp" 262
"../../../Engine/Content/EngineMaterials/BaseFlattenGrayscaleMap.uasset" 263
"../../../Engine/Content/EngineMaterials/BaseFlattenGrayscaleMap.uexp" 264
"../../../Engine/Content/EngineMaterials/BaseFlattenDiffuseMap.uasset" 265
"../../../Engine/Content/EngineMaterials/BaseFlattenDiffuseMap.uexp" 266
"../../../Engine/Content/Functions/Engine_MaterialFunctions02/PivotPainter2/Black_1x1_EXR_Texture.uasset" 267
"../../../Engine/Content/Functions/Engine_MaterialFunctions02/PivotPainter2/Black_1x1_EXR_Texture.uexp" 268
"../../../Engine/Content/EngineMaterials/BaseFlattenEmissiveMap.uasset" 269
"../../../Engine/Content/EngineMaterials/BaseFlattenEmissiveMap.uexp" 270
"../../../Engine/Content/EngineMaterials/BaseFlattenLinearColor.uasset" 271
"../../../Engine/Content/EngineMaterials/BaseFlattenLinearColor.uexp" 272
"../../../Engine/Content/EngineMaterials/FlattenMaterial.uasset" 273
"../../../Engine/Content/EngineMaterials/FlattenMaterial.uexp" 274
"../../../Engine/Content/EngineMaterials/DefaultWhiteGrid_Low.uasset" 275
"../../../Engine/Content/EngineMaterials/DefaultWhiteGrid_Low.uexp" 276
"../../../Engine/Content/EngineMaterials/EmissiveMeshMaterial.uasset" 277
"../../../Engine/Content/EngineMaterials/EmissiveMeshMaterial.uexp" 278
"../../../Engine/Content/EngineFonts/RobotoDistanceField.uasset" 279
"../../../Engine/Content/EngineFonts/RobotoDistanceField.uexp" 280
"../../../Engine/Content/EngineMaterials/DefaultTextMaterialOpaque.uasset" 281
"../../../Engine/Content/EngineMaterials/DefaultTextMaterialOpaque.uexp" 282
"../../../Engine/Content/EngineMaterials/DefaultDiffuse.ubulk" 283
"../../../Engine/Content/EngineMaterials/DefaultDiffuse.uasset" 284
"../../../Engine/Content/EngineMaterials/DefaultDiffuse.uexp" 285
"../../../Engine/Content/Functions/Engine_MaterialFunctions02/Utility/BreakOutFloat2Components.uasset" 286
"../../../Engine/Content/Functions/Engine_MaterialFunctions02/Utility/BreakOutFloat2Components.uexp" 287
"../../../Engine/Content/EngineMaterials/DefaultPostProcessMaterial.uasset" 288
"../../../Engine/Content/EngineMaterials/DefaultPostProcessMaterial.uexp" 289
"../../../Engine/Content/EngineMaterials/DefaultPhysicalMaterial.uasset" 290
"../../../Engine/Content/EngineMaterials/DefaultPhysicalMaterial.uexp" 291
"../../../Engine/Content/EngineMaterials/DefaultLightFunctionMaterial.uasset" 292
"../../../Engine/Content/EngineMaterials/DefaultLightFunctionMaterial.uexp" 293
"../../../Engine/Content/EngineMaterials/DefaultDestructiblePhysicalMaterial.uasset" 294
"../../../Engine/Content/EngineMaterials/DefaultDestructiblePhysicalMaterial.uexp" 295
"../../../Engine/Content/EngineMaterials/DefaultDeferredDecalMaterial.uasset" 296
"../../../Engine/Content/EngineMaterials/DefaultDeferredDecalMaterial.uexp" 297
"../../../Engine/Content/EngineMaterials/DefaultBloomKernel.uasset" 298
"../../../Engine/Content/EngineMaterials/DefaultBloomKernel.uexp" 299
"../../../Engine/Content/EngineResources/FilmGrains/Marcie_Grain_v3_128_M2_000.uasset" 300
"../../../Engine/Content/EngineResources/FilmGrains/Marcie_Grain_v3_128_M2_000.uexp" 301
"../../../Engine/Content/EngineSky/VolumetricClouds/CloudWeatherTexture.uasset" 302
"../../../Engine/Content/EngineSky/VolumetricClouds/CloudWeatherTexture.uexp" 303
"../../../Engine/Content/Functions/Engine_MaterialFunctions02/Utility/MakeFloat2.uasset" 304
"../../../Engine/Content/Functions/Engine_MaterialFunctions02/Utility/MakeFloat2.uexp" 305
"../../../Engine/Content/EngineSky/VolumetricClouds/CloudGradientTexture.uasset" 306
"../../../Engine/Content/EngineSky/VolumetricClouds/CloudGradientTexture.uexp" 307
"../../../Engine/Content/EngineSky/VolumetricClouds/T_NoiseShape64.ubulk" 308
"../../../Engine/Content/EngineSky/VolumetricClouds/T_NoiseShape64.uasset" 309
"../../../Engine/Content/EngineSky/VolumetricClouds/T_NoiseShape64.uexp" 310
"../../../Engine/Content/EngineSky/VolumetricClouds/T_VolumeNoiseShape64.uasset" 311
"../../../Engine/Content/EngineSky/VolumetricClouds/T_VolumeNoiseShape64.uexp" 312
"../../../Engine/Content/EngineSky/VolumetricClouds/T_NoiseErosion.ubulk" 313
"../../../Engine/Content/EngineSky/VolumetricClouds/T_NoiseErosion.uasset" 314
"../../../Engine/Content/EngineSky/VolumetricClouds/T_NoiseErosion.uexp" 315
"../../../Engine/Content/EngineSky/VolumetricClouds/T_VolumeNoiseErosion32.uasset" 316
"../../../Engine/Content/EngineSky/VolumetricClouds/T_VolumeNoiseErosion32.uexp" 317
"../../../Engine/Content/EngineSky/VolumetricClouds/m_SimpleVolumetricCloud.uasset" 318
"../../../Engine/Content/EngineSky/VolumetricClouds/m_SimpleVolumetricCloud.uexp" 319
"../../../Engine/Content/EngineSky/VolumetricClouds/m_SimpleVolumetricCloud_Inst.uasset" 320
"../../../Engine/Content/EngineSky/VolumetricClouds/m_SimpleVolumetricCloud_Inst.uexp" 321
"../../../Engine/Content/EngineSounds/Master.uasset" 322
"../../../Engine/Content/EngineSounds/Master.uexp" 323
"../../../Engine/Content/Functions/Engine_MaterialFunctions01/Shading/PowerToRoughness.uasset" 324
"../../../Engine/Content/Functions/Engine_MaterialFunctions01/Shading/PowerToRoughness.uexp" 325
"../../../Engine/Content/Maps/Templates/HLODs/HLODLayer_Merged.uasset" 326
"../../../Engine/Content/Maps/Templates/HLODs/HLODLayer_Merged.uexp" 327
"../../../Engine/Content/MobileResources/HUD/VirtualJoystick_Background.uasset" 328
"../../../Engine/Content/MobileResources/HUD/VirtualJoystick_Background.uexp" 329
"../../../Engine/Content/MobileResources/HUD/VirtualJoystick_Thumb.uasset" 330
"../../../Engine/Content/MobileResources/HUD/VirtualJoystick_Thumb.uexp" 331
"../../../Engine/Content/MobileResources/HUD/DefaultVirtualJoysticks.uasset" 332
"../../../Engine/Content/MobileResources/HUD/DefaultVirtualJoysticks.uexp" 333
"C:/Users/James Robertson/Documents/Unreal Projects/AT_UE5_OWLS/Content/Characters/Mannequins/Meshes/SK_Mannequin.uasset" 334
"C:/Users/James Robertson/Documents/Unreal Projects/AT_UE5_OWLS/Content/Characters/Mannequins/Meshes/SK_Mannequin.uexp" 335
"C:/Users/James Robertson/Documents/Unreal Projects/AT_UE5_OWLS/Content/Characters/Mannequins/Textures/Quinn/T_Quinn_02ID_MSR_MSK.ubulk" 336
"C:/Users/James Robertson/Documents/Unreal Projects/AT_UE5_OWLS/Content/Characters/Mannequins/Textures/Quinn/T_Quinn_02ID_MSR_MSK.uasset" 337
"C:/Users/James Robertson/Documents/Unreal Projects/AT_UE5_OWLS/Content/Characters/Mannequins/Textures/Quinn/T_Quinn_02ID_MSR_MSK.uexp" 338
"C:/Users/James Robertson/Documents/Unreal Projects/AT_UE5_OWLS/Content/Characters/Mannequins/Textures/Quinn/T_Quinn_02ID_BN.ubulk" 339
"C:/Users/James Robertson/Documents/Unreal Projects/AT_UE5_OWLS/Content/Characters/Mannequins/Textures/Quinn/T_Quinn_02ID_BN.uasset" 340
"C:/Users/James Robertson/Documents/Unreal Projects/AT_UE5_OWLS/Content/Characters/Mannequins/Textures/Quinn/T_Quinn_02ID_BN.uexp" 341
"C:/Users/James Robertson/Documents/Unreal Projects/AT_UE5_OWLS/Content/Characters/Mannequins/Textures/Quinn/T_Quinn_02_ASAOMASK_MSK.ubulk" 342
"C:/Users/James Robertson/Documents/Unreal Projects/AT_UE5_OWLS/Content/Characters/Mannequins/Textures/Quinn/T_Quinn_02_ASAOMASK_MSK.uasset" 343
"C:/Users/James Robertson/Documents/Unreal Projects/AT_UE5_OWLS/Content/Characters/Mannequins/Textures/Quinn/T_Quinn_02_ASAOMASK_MSK.uexp" 344
"C:/Users/James Robertson/Documents/Unreal Projects/AT_UE5_OWLS/Content/Characters/Mannequins/Textures/Quinn/T_Quinn_02_CCRCCPlastic_MSK.ubulk" 345
"C:/Users/James Robertson/Documents/Unreal Projects/AT_UE5_OWLS/Content/Characters/Mannequins/Textures/Quinn/T_Quinn_02_CCRCCPlastic_MSK.uasset" 346
"C:/Users/James Robertson/Documents/Unreal Projects/AT_UE5_OWLS/Content/Characters/Mannequins/Textures/Quinn/T_Quinn_02_CCRCCPlastic_MSK.uexp" 347
"C:/Users/James Robertson/Documents/Unreal Projects/AT_UE5_OWLS/Content/Characters/Mannequins/Textures/Quinn/T_Quinn_02ID_Tan.ubulk" 348
"C:/Users/James Robertson/Documents/Unreal Projects/AT_UE5_OWLS/Content/Characters/Mannequins/Textures/Quinn/T_Quinn_02ID_Tan.uasset" 349
"C:/Users/James Robertson/Documents/Unreal Projects/AT_UE5_OWLS/Content/Characters/Mannequins/Textures/Quinn/T_Quinn_02ID_Tan.uexp" 350
"C:/Users/James Robertson/Documents/Unreal Projects/AT_UE5_OWLS/Content/Characters/Mannequins/Textures/Quinn/T_Quinn_02ID_D.ubulk" 351
"C:/Users/James Robertson/Documents/Unreal Projects/AT_UE5_OWLS/Content/Characters/Mannequins/Textures/Quinn/T_Quinn_02ID_D.uasset" 352
"C:/Users/James Robertson/Documents/Unreal Projects/AT_UE5_OWLS/Content/Characters/Mannequins/Textures/Quinn/T_Quinn_02ID_D.uexp" 353
"C:/Users/James Robertson/Documents/Unreal Projects/AT_UE5_OWLS/Content/Characters/Mannequins/Textures/Quinn/T_Quinn_01ID_MSR_MSK.ubulk" 354
"C:/Users/James Robertson/Documents/Unreal Projects/AT_UE5_OWLS/Content/Characters/Mannequins/Textures/Quinn/T_Quinn_01ID_MSR_MSK.uasset" 355
"C:/Users/James Robertson/Documents/Unreal Projects/AT_UE5_OWLS/Content/Characters/Mannequins/Textures/Quinn/T_Quinn_01ID_MSR_MSK.uexp" 356
"C:/Users/James Robertson/Documents/Unreal Projects/AT_UE5_OWLS/Content/Characters/Mannequins/Materials/Functions/ChromaticCurve.uasset" 357
"C:/Users/James Robertson/Documents/Unreal Projects/AT_UE5_OWLS/Content/Characters/Mannequins/Materials/Functions/ChromaticCurve.uexp" 358
"C:/Users/James Robertson/Documents/Unreal Projects/AT_UE5_OWLS/Content/Characters/Mannequins/Materials/Functions/CA_Mannequin.uasset" 359
"C:/Users/James Robertson/Documents/Unreal Projects/AT_UE5_OWLS/Content/Characters/Mannequins/Materials/Functions/CA_Mannequin.uexp" 360
"C:/Users/James Robertson/Documents/Unreal Projects/AT_UE5_OWLS/Content/Characters/Mannequins/Materials/Functions/MF_Diffraction.uasset" 361
"C:/Users/James Robertson/Documents/Unreal Projects/AT_UE5_OWLS/Content/Characters/Mannequins/Materials/Functions/MF_Diffraction.uexp" 362
"C:/Users/James Robertson/Documents/Unreal Projects/AT_UE5_OWLS/Content/Characters/Mannequins/Textures/Manny/T_Manny_01_N.ubulk" 363
"C:/Users/James Robertson/Documents/Unreal Projects/AT_UE5_OWLS/Content/Characters/Mannequins/Textures/Manny/T_Manny_01_N.uasset" 364
"C:/Users/James Robertson/Documents/Unreal Projects/AT_UE5_OWLS/Content/Characters/Mannequins/Textures/Manny/T_Manny_01_N.uexp" 365
"C:/Users/James Robertson/Documents/Unreal Projects/AT_UE5_OWLS/Content/Characters/Mannequins/Materials/Functions/ML_BaseColorFallOff.uasset" 366
"C:/Users/James Robertson/Documents/Unreal Projects/AT_UE5_OWLS/Content/Characters/Mannequins/Materials/Functions/ML_BaseColorFallOff.uexp" 367
"../../../Engine/Content/Functions/Engine_MaterialFunctions01/Texturing/ScaleUVsByCenter.uasset" 368
"../../../Engine/Content/Functions/Engine_MaterialFunctions01/Texturing/ScaleUVsByCenter.uexp" 369
"C:/Users/James Robertson/Documents/Unreal Projects/AT_UE5_OWLS/Content/Characters/Mannequins/Textures/Shared/T_UE_Logo_M.uasset" 370
"C:/Users/James Robertson/Documents/Unreal Projects/AT_UE5_OWLS/Content/Characters/Mannequins/Textures/Shared/T_UE_Logo_M.uexp" 371
"C:/Users/James Robertson/Documents/Unreal Projects/AT_UE5_OWLS/Content/Characters/Mannequins/Materials/Functions/MF_logo3layers.uasset" 372
"C:/Users/James Robertson/Documents/Unreal Projects/AT_UE5_OWLS/Content/Characters/Mannequins/Materials/Functions/MF_logo3layers.uexp" 373
"C:/Users/James Robertson/Documents/Unreal Projects/AT_UE5_OWLS/Content/Characters/Mannequins/Textures/Manny/T_Manny_01_CCRCCPlastic_MSK.ubulk" 374
"C:/Users/James Robertson/Documents/Unreal Projects/AT_UE5_OWLS/Content/Characters/Mannequins/Textures/Manny/T_Manny_01_CCRCCPlastic_MSK.uasset" 375
"C:/Users/James Robertson/Documents/Unreal Projects/AT_UE5_OWLS/Content/Characters/Mannequins/Textures/Manny/T_Manny_01_CCRCCPlastic_MSK.uexp" 376
"C:/Users/James Robertson/Documents/Unreal Projects/AT_UE5_OWLS/Content/Characters/Mannequins/Textures/Manny/T_Manny_01_ASAOPMASK_MSK.ubulk" 377
"C:/Users/James Robertson/Documents/Unreal Projects/AT_UE5_OWLS/Content/Characters/Mannequins/Textures/Manny/T_Manny_01_ASAOPMASK_MSK.uasset" 378
"C:/Users/James Robertson/Documents/Unreal Projects/AT_UE5_OWLS/Content/Characters/Mannequins/Textures/Manny/T_Manny_01_ASAOPMASK_MSK.uexp" 379
"C:/Users/James Robertson/Documents/Unreal Projects/AT_UE5_OWLS/Content/Characters/Mannequins/Textures/Manny/T_Manny_01_MSR_MSK.ubulk" 380
"C:/Users/James Robertson/Documents/Unreal Projects/AT_UE5_OWLS/Content/Characters/Mannequins/Textures/Manny/T_Manny_01_MSR_MSK.uasset" 381
"C:/Users/James Robertson/Documents/Unreal Projects/AT_UE5_OWLS/Content/Characters/Mannequins/Textures/Manny/T_Manny_01_MSR_MSK.uexp" 382
"C:/Users/James Robertson/Documents/Unreal Projects/AT_UE5_OWLS/Content/Characters/Mannequins/Textures/Manny/T_Manny_01_BN.ubulk" 383
"C:/Users/James Robertson/Documents/Unreal Projects/AT_UE5_OWLS/Content/Characters/Mannequins/Textures/Manny/T_Manny_01_BN.uasset" 384
"C:/Users/James Robertson/Documents/Unreal Projects/AT_UE5_OWLS/Content/Characters/Mannequins/Textures/Manny/T_Manny_01_BN.uexp" 385
"C:/Users/James Robertson/Documents/Unreal Projects/AT_UE5_OWLS/Content/Characters/Mannequins/Textures/Manny/T_Manny_01_D.ubulk" 386
"C:/Users/James Robertson/Documents/Unreal Projects/AT_UE5_OWLS/Content/Characters/Mannequins/Textures/Manny/T_Manny_01_D.uasset" 387
"C:/Users/James Robertson/Documents/Unreal Projects/AT_UE5_OWLS/Content/Characters/Mannequins/Textures/Manny/T_Manny_01_D.uexp" 388
"C:/Users/James Robertson/Documents/Unreal Projects/AT_UE5_OWLS/Content/Characters/Mannequins/Textures/Manny/T_Manny_01_Tan.ubulk" 389
"C:/Users/James Robertson/Documents/Unreal Projects/AT_UE5_OWLS/Content/Characters/Mannequins/Textures/Manny/T_Manny_01_Tan.uasset" 390
"C:/Users/James Robertson/Documents/Unreal Projects/AT_UE5_OWLS/Content/Characters/Mannequins/Textures/Manny/T_Manny_01_Tan.uexp" 391
"C:/Users/James Robertson/Documents/Unreal Projects/AT_UE5_OWLS/Content/Characters/Mannequins/Materials/M_Mannequin.uasset" 392
"C:/Users/James Robertson/Documents/Unreal Projects/AT_UE5_OWLS/Content/Characters/Mannequins/Materials/M_Mannequin.uexp" 393
"C:/Users/James Robertson/Documents/Unreal Projects/AT_UE5_OWLS/Content/Characters/Mannequins/Textures/Quinn/T_Quinn_01_ASAOMASK_MSK.ubulk" 394
"C:/Users/James Robertson/Documents/Unreal Projects/AT_UE5_OWLS/Content/Characters/Mannequins/Textures/Quinn/T_Quinn_01_ASAOMASK_MSK.uasset" 395
"C:/Users/James Robertson/Documents/Unreal Projects/AT_UE5_OWLS/Content/Characters/Mannequins/Textures/Quinn/T_Quinn_01_ASAOMASK_MSK.uexp" 396
"C:/Users/James Robertson/Documents/Unreal Projects/AT_UE5_OWLS/Content/Characters/Mannequins/Textures/Quinn/T_Quinn_01ID_N.ubulk" 397
"C:/Users/James Robertson/Documents/Unreal Projects/AT_UE5_OWLS/Content/Characters/Mannequins/Textures/Quinn/T_Quinn_01ID_N.uasset" 398
"C:/Users/James Robertson/Documents/Unreal Projects/AT_UE5_OWLS/Content/Characters/Mannequins/Textures/Quinn/T_Quinn_01ID_N.uexp" 399
"C:/Users/James Robertson/Documents/Unreal Projects/AT_UE5_OWLS/Content/Characters/Mannequins/Textures/Quinn/T_Quinn_01ID_BN.ubulk" 400
"C:/Users/James Robertson/Documents/Unreal Projects/AT_UE5_OWLS/Content/Characters/Mannequins/Textures/Quinn/T_Quinn_01ID_BN.uasset" 401
"C:/Users/James Robertson/Documents/Unreal Projects/AT_UE5_OWLS/Content/Characters/Mannequins/Textures/Quinn/T_Quinn_01ID_BN.uexp" 402
"C:/Users/James Robertson/Documents/Unreal Projects/AT_UE5_OWLS/Content/Characters/Mannequins/Textures/Quinn/T_Quinn_01ID_D.ubulk" 403
"C:/Users/James Robertson/Documents/Unreal Projects/AT_UE5_OWLS/Content/Characters/Mannequins/Textures/Quinn/T_Quinn_01ID_D.uasset" 404
"C:/Users/James Robertson/Documents/Unreal Projects/AT_UE5_OWLS/Content/Characters/Mannequins/Textures/Quinn/T_Quinn_01ID_D.uexp" 405
"C:/Users/James Robertson/Documents/Unreal Projects/AT_UE5_OWLS/Content/Characters/Mannequins/Textures/Quinn/T_Quinn_01ID_Tan.ubulk" 406
"C:/Users/James Robertson/Documents/Unreal Projects/AT_UE5_OWLS/Content/Characters/Mannequins/Textures/Quinn/T_Quinn_01ID_Tan.uasset" 407
"C:/Users/James Robertson/Documents/Unreal Projects/AT_UE5_OWLS/Content/Characters/Mannequins/Textures/Quinn/T_Quinn_01ID_Tan.uexp" 408
"C:/Users/James Robertson/Documents/Unreal Projects/AT_UE5_OWLS/Content/Characters/Mannequins/Textures/Quinn/T_Quinn_01_CCRCCPlastic_MSK.ubulk" 409
"C:/Users/James Robertson/Documents/Unreal Projects/AT_UE5_OWLS/Content/Characters/Mannequins/Textures/Quinn/T_Quinn_01_CCRCCPlastic_MSK.uasset" 410
"C:/Users/James Robertson/Documents/Unreal Projects/AT_UE5_OWLS/Content/Characters/Mannequins/Textures/Quinn/T_Quinn_01_CCRCCPlastic_MSK.uexp" 411
"C:/Users/James Robertson/Documents/Unreal Projects/AT_UE5_OWLS/Content/Characters/Mannequins/Materials/Instances/Quinn/MI_Quinn_01.uasset" 412
"C:/Users/James Robertson/Documents/Unreal Projects/AT_UE5_OWLS/Content/Characters/Mannequins/Materials/Instances/Quinn/MI_Quinn_01.uexp" 413
"C:/Users/James Robertson/Documents/Unreal Projects/AT_UE5_OWLS/Content/Characters/Mannequins/Textures/Quinn/T_Quinn_02ID_N.ubulk" 414
"C:/Users/James Robertson/Documents/Unreal Projects/AT_UE5_OWLS/Content/Characters/Mannequins/Textures/Quinn/T_Quinn_02ID_N.uasset" 415
"C:/Users/James Robertson/Documents/Unreal Projects/AT_UE5_OWLS/Content/Characters/Mannequins/Textures/Quinn/T_Quinn_02ID_N.uexp" 416
"C:/Users/James Robertson/Documents/Unreal Projects/AT_UE5_OWLS/Content/Characters/Mannequins/Materials/Instances/Quinn/MI_Quinn_02.uasset" 417
"C:/Users/James Robertson/Documents/Unreal Projects/AT_UE5_OWLS/Content/Characters/Mannequins/Materials/Instances/Quinn/MI_Quinn_02.uexp" 418
"C:/Users/James Robertson/Documents/Unreal Projects/AT_UE5_OWLS/Content/Characters/Mannequins/Rigs/PA_Mannequin.uasset" 419
"C:/Users/James Robertson/Documents/Unreal Projects/AT_UE5_OWLS/Content/Characters/Mannequins/Rigs/PA_Mannequin.uexp" 420
"C:/Users/James Robertson/Documents/Unreal Projects/AT_UE5_OWLS/Content/Characters/Mannequins/Meshes/SKM_Quinn_Simple.uasset" 421
"C:/Users/James Robertson/Documents/Unreal Projects/AT_UE5_OWLS/Content/Characters/Mannequins/Meshes/SKM_Quinn_Simple.uexp" 422
"C:/Users/James Robertson/Documents/Unreal Projects/AT_UE5_OWLS/Content/ThirdPerson/Input/Actions/IA_Jump.uasset" 423
"C:/Users/James Robertson/Documents/Unreal Projects/AT_UE5_OWLS/Content/ThirdPerson/Input/Actions/IA_Jump.uexp" 424
"C:/Users/James Robertson/Documents/Unreal Projects/AT_UE5_OWLS/Content/ThirdPerson/Input/Actions/IA_Look.uasset" 425
"C:/Users/James Robertson/Documents/Unreal Projects/AT_UE5_OWLS/Content/ThirdPerson/Input/Actions/IA_Look.uexp" 426
"C:/Users/James Robertson/Documents/Unreal Projects/AT_UE5_OWLS/Content/ThirdPerson/Input/Actions/IA_Move.uasset" 427
"C:/Users/James Robertson/Documents/Unreal Projects/AT_UE5_OWLS/Content/ThirdPerson/Input/Actions/IA_Move.uexp" 428
"C:/Users/James Robertson/Documents/Unreal Projects/AT_UE5_OWLS/Content/ThirdPerson/Input/IMC_Default.uasset" 429
"C:/Users/James Robertson/Documents/Unreal Projects/AT_UE5_OWLS/Content/ThirdPerson/Input/IMC_Default.uexp" 430
"../../../Engine/Content/Animation/DefaultAnimCurveCompressionSettings.uasset" 431
"../../../Engine/Content/Animation/DefaultAnimCurveCompressionSettings.uexp" 432
"../../../Engine/Content/Animation/DefaultAnimBoneCompressionSettings.uasset" 433
"../../../Engine/Content/Animation/DefaultAnimBoneCompressionSettings.uexp" 434
"C:/Users/James Robertson/Documents/Unreal Projects/AT_UE5_OWLS/Content/Characters/Mannequins/Animations/Quinn/MF_Run_Fwd.uasset" 435
"C:/Users/James Robertson/Documents/Unreal Projects/AT_UE5_OWLS/Content/Characters/Mannequins/Animations/Quinn/MF_Run_Fwd.uexp" 436
"C:/Users/James Robertson/Documents/Unreal Projects/AT_UE5_OWLS/Content/Characters/Mannequins/Animations/Quinn/MF_Walk_Fwd.uasset" 437
"C:/Users/James Robertson/Documents/Unreal Projects/AT_UE5_OWLS/Content/Characters/Mannequins/Animations/Quinn/MF_Walk_Fwd.uexp" 438
"../../../Engine/Content/Animation/DefaultRecorderBoneCompression.uasset" 439
"../../../Engine/Content/Animation/DefaultRecorderBoneCompression.uexp" 440
"C:/Users/James Robertson/Documents/Unreal Projects/AT_UE5_OWLS/Content/Characters/Mannequins/Animations/Manny/MM_Walk_InPlace.uasset" 441
"C:/Users/James Robertson/Documents/Unreal Projects/AT_UE5_OWLS/Content/Characters/Mannequins/Animations/Manny/MM_Walk_InPlace.uexp" 442
"C:/Users/James Robertson/Documents/Unreal Projects/AT_UE5_OWLS/Content/Characters/Mannequins/Animations/Quinn/BS_MF_Unarmed_WalkRun.uasset" 443
"C:/Users/James Robertson/Documents/Unreal Projects/AT_UE5_OWLS/Content/Characters/Mannequins/Animations/Quinn/BS_MF_Unarmed_WalkRun.uexp" 444
"C:/Users/James Robertson/Documents/Unreal Projects/AT_UE5_OWLS/Content/Characters/Mannequins/Animations/Quinn/MF_Idle.uasset" 445
"C:/Users/James Robertson/Documents/Unreal Projects/AT_UE5_OWLS/Content/Characters/Mannequins/Animations/Quinn/MF_Idle.uexp" 446
"C:/Users/James Robertson/Documents/Unreal Projects/AT_UE5_OWLS/Content/Characters/Mannequins/Animations/Manny/MM_Fall_Loop.uasset" 447
"C:/Users/James Robertson/Documents/Unreal Projects/AT_UE5_OWLS/Content/Characters/Mannequins/Animations/Manny/MM_Fall_Loop.uexp" 448
"C:/Users/James Robertson/Documents/Unreal Projects/AT_UE5_OWLS/Content/Characters/Mannequins/Animations/Manny/MM_Jump.uasset" 449
"C:/Users/James Robertson/Documents/Unreal Projects/AT_UE5_OWLS/Content/Characters/Mannequins/Animations/Manny/MM_Jump.uexp" 450
"../../../Engine/Plugins/Animation/ControlRig/Content/Controls/DefaultGizmoLibrary.uasset" 451
"../../../Engine/Plugins/Animation/ControlRig/Content/Controls/DefaultGizmoLibrary.uexp" 452
"C:/Users/James Robertson/Documents/Unreal Projects/AT_UE5_OWLS/Content/Characters/Mannequins/Rigs/CR_Mannequin_BasicFootIK.uasset" 453
"C:/Users/James Robertson/Documents/Unreal Projects/AT_UE5_OWLS/Content/Characters/Mannequins/Rigs/CR_Mannequin_BasicFootIK.uexp" 454
"C:/Users/James Robertson/Documents/Unreal Projects/AT_UE5_OWLS/Content/Characters/Mannequins/Animations/Manny/MM_Run_Fwd.uasset" 455
"C:/Users/James Robertson/Documents/Unreal Projects/AT_UE5_OWLS/Content/Characters/Mannequins/Animations/Manny/MM_Run_Fwd.uexp" 456
"C:/Users/James Robertson/Documents/Unreal Projects/AT_UE5_OWLS/Content/Characters/Mannequins/Animations/Manny/MM_Walk_Fwd.uasset" 457
"C:/Users/James Robertson/Documents/Unreal Projects/AT_UE5_OWLS/Content/Characters/Mannequins/Animations/Manny/MM_Walk_Fwd.uexp" 458
"C:/Users/James Robertson/Documents/Unreal Projects/AT_UE5_OWLS/Content/Characters/Mannequins/Animations/Manny/BS_MM_WalkRun.uasset" 459
"C:/Users/James Robertson/Documents/Unreal Projects/AT_UE5_OWLS/Content/Characters/Mannequins/Animations/Manny/BS_MM_WalkRun.uexp" 460
"C:/Users/James Robertson/Documents/Unreal Projects/AT_UE5_OWLS/Content/Characters/Mannequins/Animations/Manny/MM_Land.uasset" 461
"C:/Users/James Robertson/Documents/Unreal Projects/AT_UE5_OWLS/Content/Characters/Mannequins/Animations/Manny/MM_Land.uexp" 462
"C:/Users/James Robertson/Documents/Unreal Projects/AT_UE5_OWLS/Content/Characters/Mannequins/Animations/Manny/MM_Idle.uasset" 463
"C:/Users/James Robertson/Documents/Unreal Projects/AT_UE5_OWLS/Content/Characters/Mannequins/Animations/Manny/MM_Idle.uexp" 464
"C:/Users/James Robertson/Documents/Unreal Projects/AT_UE5_OWLS/Content/Characters/Mannequins/Animations/ABP_Manny.uasset" 465
"C:/Users/James Robertson/Documents/Unreal Projects/AT_UE5_OWLS/Content/Characters/Mannequins/Animations/ABP_Manny.uexp" 466
"C:/Users/James Robertson/Documents/Unreal Projects/AT_UE5_OWLS/Content/Characters/Mannequins/Animations/ABP_Quinn.uasset" 467
"C:/Users/James Robertson/Documents/Unreal Projects/AT_UE5_OWLS/Content/Characters/Mannequins/Animations/ABP_Quinn.uexp" 468
"C:/Users/James Robertson/Documents/Unreal Projects/AT_UE5_OWLS/Content/ThirdPerson/Blueprints/BP_ThirdPersonCharacter.uasset" 469
"C:/Users/James Robertson/Documents/Unreal Projects/AT_UE5_OWLS/Content/ThirdPerson/Blueprints/BP_ThirdPersonCharacter.uexp" 470
"../../../Engine/Plugins/2D/Paper2D/Content/PlaceholderTextures/DummySpriteTexture.ubulk" 471
"../../../Engine/Plugins/2D/Paper2D/Content/PlaceholderTextures/DummySpriteTexture.uasset" 472
"../../../Engine/Plugins/2D/Paper2D/Content/PlaceholderTextures/DummySpriteTexture.uexp" 473
"../../../Engine/Plugins/2D/Paper2D/Content/DefaultSpriteMaterial.uasset" 474
"../../../Engine/Plugins/2D/Paper2D/Content/DefaultSpriteMaterial.uexp" 475
"../../../Engine/Plugins/2D/Paper2D/Content/OpaqueUnlitSpriteMaterial.uasset" 476
"../../../Engine/Plugins/2D/Paper2D/Content/OpaqueUnlitSpriteMaterial.uexp" 477
"../../../Engine/Plugins/2D/Paper2D/Content/MaskedUnlitSpriteMaterial.uasset" 478
"../../../Engine/Plugins/2D/Paper2D/Content/MaskedUnlitSpriteMaterial.uexp" 479
"../../../Engine/Plugins/2D/Paper2D/Content/DummySprite.uasset" 480
"../../../Engine/Plugins/2D/Paper2D/Content/DummySprite.uexp" 481
"../../../Engine/Plugins/2D/Paper2D/Content/DefaultPaperTerrainMaterial.uasset" 482
"../../../Engine/Plugins/2D/Paper2D/Content/DefaultPaperTerrainMaterial.uexp" 483
"../../../Engine/Plugins/Animation/ControlRig/Content/M_Manip.uasset" 484
"../../../Engine/Plugins/Animation/ControlRig/Content/M_Manip.uexp" 485
"../../../Engine/Plugins/Animation/ControlRig/Content/Controls/ControlRig_Wedge_solid.ubulk" 486
"../../../Engine/Plugins/Animation/ControlRig/Content/Controls/ControlRig_Wedge_solid.uasset" 487
"../../../Engine/Plugins/Animation/ControlRig/Content/Controls/ControlRig_Wedge_solid.uexp" 488
"../../../Engine/Plugins/Animation/ControlRig/Content/Controls/ControlRig_Wedge_3mm.ubulk" 489
"../../../Engine/Plugins/Animation/ControlRig/Content/Controls/ControlRig_Wedge_3mm.uasset" 490
"../../../Engine/Plugins/Animation/ControlRig/Content/Controls/ControlRig_Wedge_3mm.uexp" 491
"../../../Engine/Plugins/Animation/ControlRig/Content/Controls/ControlRig_Wedge_1mm.ubulk" 492
"../../../Engine/Plugins/Animation/ControlRig/Content/Controls/ControlRig_Wedge_1mm.uasset" 493
"../../../Engine/Plugins/Animation/ControlRig/Content/Controls/ControlRig_Wedge_1mm.uexp" 494
"../../../Engine/Plugins/Animation/ControlRig/Content/Controls/ControlRig_Triangle_solid.ubulk" 495
"../../../Engine/Plugins/Animation/ControlRig/Content/Controls/ControlRig_Triangle_solid.uasset" 496
"../../../Engine/Plugins/Animation/ControlRig/Content/Controls/ControlRig_Triangle_solid.uexp" 497
"../../../Engine/Plugins/Animation/ControlRig/Content/Controls/ControlRig_Triangle_3mm.ubulk" 498
"../../../Engine/Plugins/Animation/ControlRig/Content/Controls/ControlRig_Triangle_3mm.uasset" 499
"../../../Engine/Plugins/Animation/ControlRig/Content/Controls/ControlRig_Triangle_3mm.uexp" 500
"../../../Engine/Plugins/Animation/ControlRig/Content/Controls/ControlRig_Triangle_1mm.ubulk" 501
"../../../Engine/Plugins/Animation/ControlRig/Content/Controls/ControlRig_Triangle_1mm.uasset" 502
"../../../Engine/Plugins/Animation/ControlRig/Content/Controls/ControlRig_Triangle_1mm.uexp" 503
"../../../Engine/Plugins/Animation/ControlRig/Content/Controls/ControlRig_Star4_solid.ubulk" 504
"../../../Engine/Plugins/Animation/ControlRig/Content/Controls/ControlRig_Star4_solid.uasset" 505
"../../../Engine/Plugins/Animation/ControlRig/Content/Controls/ControlRig_Star4_solid.uexp" 506
"../../../Engine/Plugins/Animation/ControlRig/Content/Controls/ControlRig_Star4_3mm.ubulk" 507
"../../../Engine/Plugins/Animation/ControlRig/Content/Controls/ControlRig_Star4_3mm.uasset" 508
"../../../Engine/Plugins/Animation/ControlRig/Content/Controls/ControlRig_Star4_3mm.uexp" 509
"../../../Engine/Plugins/Animation/ControlRig/Content/Controls/ControlRig_Star4_1mm.ubulk" 510
"../../../Engine/Plugins/Animation/ControlRig/Content/Controls/ControlRig_Star4_1mm.uasset" 511
"../../../Engine/Plugins/Animation/ControlRig/Content/Controls/ControlRig_Star4_1mm.uexp" 512
"../../../Engine/Plugins/Animation/ControlRig/Content/Controls/ControlRig_Square_solid.ubulk" 513
"../../../Engine/Plugins/Animation/ControlRig/Content/Controls/ControlRig_Square_solid.uasset" 514
"../../../Engine/Plugins/Animation/ControlRig/Content/Controls/ControlRig_Square_solid.uexp" 515
"../../../Engine/Plugins/Animation/ControlRig/Content/Controls/ControlRig_Square_3mm.ubulk" 516
"../../../Engine/Plugins/Animation/ControlRig/Content/Controls/ControlRig_Square_3mm.uasset" 517
"../../../Engine/Plugins/Animation/ControlRig/Content/Controls/ControlRig_Square_3mm.uexp" 518
"../../../Engine/Plugins/Animation/ControlRig/Content/Controls/ControlRig_Square_1mm.ubulk" 519
"../../../Engine/Plugins/Animation/ControlRig/Content/Controls/ControlRig_Square_1mm.uasset" 520
"../../../Engine/Plugins/Animation/ControlRig/Content/Controls/ControlRig_Square_1mm.uexp" 521
"../../../Engine/Plugins/Animation/ControlRig/Content/Controls/ControlRig_Sphere_solid.ubulk" 522
"../../../Engine/Plugins/Animation/ControlRig/Content/Controls/ControlRig_Sphere_solid.uasset" 523
"../../../Engine/Plugins/Animation/ControlRig/Content/Controls/ControlRig_Sphere_solid.uexp" 524
"../../../Engine/Plugins/Animation/ControlRig/Content/Controls/ControlRig_Sphere_3mm.ubulk" 525
"../../../Engine/Plugins/Animation/ControlRig/Content/Controls/ControlRig_Sphere_3mm.uasset" 526
"../../../Engine/Plugins/Animation/ControlRig/Content/Controls/ControlRig_Sphere_3mm.uexp" 527
"../../../Engine/Plugins/Animation/ControlRig/Content/Controls/ControlRig_Sphere_1mm.ubulk" 528
"../../../Engine/Plugins/Animation/ControlRig/Content/Controls/ControlRig_Sphere_1mm.uasset" 529
"../../../Engine/Plugins/Animation/ControlRig/Content/Controls/ControlRig_Sphere_1mm.uexp" 530
"../../../Engine/Plugins/Animation/ControlRig/Content/Controls/ControlRig_RoundedTriangle_solid.ubulk" 531
"../../../Engine/Plugins/Animation/ControlRig/Content/Controls/ControlRig_RoundedTriangle_solid.uasset" 532
"../../../Engine/Plugins/Animation/ControlRig/Content/Controls/ControlRig_RoundedTriangle_solid.uexp" 533
"../../../Engine/Plugins/Animation/ControlRig/Content/Controls/ControlRig_RoundedTriangle_3mm.ubulk" 534
"../../../Engine/Plugins/Animation/ControlRig/Content/Controls/ControlRig_RoundedTriangle_3mm.uasset" 535
"../../../Engine/Plugins/Animation/ControlRig/Content/Controls/ControlRig_RoundedTriangle_3mm.uexp" 536
"../../../Engine/Plugins/Animation/ControlRig/Content/Controls/ControlRig_RoundedTriangle_1mm.ubulk" 537
"../../../Engine/Plugins/Animation/ControlRig/Content/Controls/ControlRig_RoundedTriangle_1mm.uasset" 538
"../../../Engine/Plugins/Animation/ControlRig/Content/Controls/ControlRig_RoundedTriangle_1mm.uexp" 539
"../../../Engine/Plugins/Animation/ControlRig/Content/Controls/ControlRig_RoundedSquare_solid.ubulk" 540
"../../../Engine/Plugins/Animation/ControlRig/Content/Controls/ControlRig_RoundedSquare_solid.uasset" 541
"../../../Engine/Plugins/Animation/ControlRig/Content/Controls/ControlRig_RoundedSquare_solid.uexp" 542
"../../../Engine/Plugins/Animation/ControlRig/Content/Controls/ControlRig_RoundedSquare_3mm.ubulk" 543
"../../../Engine/Plugins/Animation/ControlRig/Content/Controls/ControlRig_RoundedSquare_3mm.uasset" 544
"../../../Engine/Plugins/Animation/ControlRig/Content/Controls/ControlRig_RoundedSquare_3mm.uexp" 545
"../../../Engine/Plugins/Animation/ControlRig/Content/Controls/ControlRig_RoundedSquare_1mm.ubulk" 546
"../../../Engine/Plugins/Animation/ControlRig/Content/Controls/ControlRig_RoundedSquare_1mm.uasset" 547
"../../../Engine/Plugins/Animation/ControlRig/Content/Controls/ControlRig_RoundedSquare_1mm.uexp" 548
"../../../Engine/Plugins/Animation/ControlRig/Content/Controls/ControlRig_QuarterCircle_solid.ubulk" 549
"../../../Engine/Plugins/Animation/ControlRig/Content/Controls/ControlRig_QuarterCircle_solid.uasset" 550
"../../../Engine/Plugins/Animation/ControlRig/Content/Controls/ControlRig_QuarterCircle_solid.uexp" 551
"../../../Engine/Plugins/Animation/ControlRig/Content/Controls/ControlRig_QuarterCircle_3mm.ubulk" 552
"../../../Engine/Plugins/Animation/ControlRig/Content/Controls/ControlRig_QuarterCircle_3mm.uasset" 553
"../../../Engine/Plugins/Animation/ControlRig/Content/Controls/ControlRig_QuarterCircle_3mm.uexp" 554
"../../../Engine/Plugins/Animation/ControlRig/Content/Controls/ControlRig_QuarterCircle_1mm.ubulk" 555
"../../../Engine/Plugins/Animation/ControlRig/Content/Controls/ControlRig_QuarterCircle_1mm.uasset" 556
"../../../Engine/Plugins/Animation/ControlRig/Content/Controls/ControlRig_QuarterCircle_1mm.uexp" 557
"../../../Engine/Plugins/Animation/ControlRig/Content/Controls/ControlRig_Pyramid_solid.ubulk" 558
"../../../Engine/Plugins/Animation/ControlRig/Content/Controls/ControlRig_Pyramid_solid.uasset" 559
"../../../Engine/Plugins/Animation/ControlRig/Content/Controls/ControlRig_Pyramid_solid.uexp" 560
"../../../Engine/Plugins/Animation/ControlRig/Content/Controls/ControlRig_Pyramid_3mm.ubulk" 561
"../../../Engine/Plugins/Animation/ControlRig/Content/Controls/ControlRig_Pyramid_3mm.uasset" 562
"../../../Engine/Plugins/Animation/ControlRig/Content/Controls/ControlRig_Pyramid_3mm.uexp" 563
"../../../Engine/Plugins/Animation/ControlRig/Content/Controls/ControlRig_Pyramid_1mm.ubulk" 564
"../../../Engine/Plugins/Animation/ControlRig/Content/Controls/ControlRig_Pyramid_1mm.uasset" 565
"../../../Engine/Plugins/Animation/ControlRig/Content/Controls/ControlRig_Pyramid_1mm.uexp" 566
"../../../Engine/Plugins/Animation/ControlRig/Content/Controls/ControlRig_Octagon_solid.ubulk" 567
"../../../Engine/Plugins/Animation/ControlRig/Content/Controls/ControlRig_Octagon_solid.uasset" 568
"../../../Engine/Plugins/Animation/ControlRig/Content/Controls/ControlRig_Octagon_solid.uexp" 569
"../../../Engine/Plugins/Animation/ControlRig/Content/Controls/ControlRig_Octagon_3mm.ubulk" 570
"../../../Engine/Plugins/Animation/ControlRig/Content/Controls/ControlRig_Octagon_3mm.uasset" 571
"../../../Engine/Plugins/Animation/ControlRig/Content/Controls/ControlRig_Octagon_3mm.uexp" 572
"../../../Engine/Plugins/Animation/ControlRig/Content/Controls/ControlRig_Octagon_1mm.ubulk" 573
"../../../Engine/Plugins/Animation/ControlRig/Content/Controls/ControlRig_Octagon_1mm.uasset" 574
"../../../Engine/Plugins/Animation/ControlRig/Content/Controls/ControlRig_Octagon_1mm.uexp" 575
"../../../Engine/Plugins/Animation/ControlRig/Content/Controls/ControlRig_Hexagon_solid.ubulk" 576
"../../../Engine/Plugins/Animation/ControlRig/Content/Controls/ControlRig_Hexagon_solid.uasset" 577
"../../../Engine/Plugins/Animation/ControlRig/Content/Controls/ControlRig_Hexagon_solid.uexp" 578
"../../../Engine/Plugins/Animation/ControlRig/Content/Controls/ControlRig_Hexagon_3mm.ubulk" 579
"../../../Engine/Plugins/Animation/ControlRig/Content/Controls/ControlRig_Hexagon_3mm.uasset" 580
"../../../Engine/Plugins/Animation/ControlRig/Content/Controls/ControlRig_Hexagon_3mm.uexp" 581
"../../../Engine/Plugins/Animation/ControlRig/Content/Controls/ControlRig_Hexagon_1mm.ubulk" 582
"../../../Engine/Plugins/Animation/ControlRig/Content/Controls/ControlRig_Hexagon_1mm.uasset" 583
"../../../Engine/Plugins/Animation/ControlRig/Content/Controls/ControlRig_Hexagon_1mm.uexp" 584
"../../../Engine/Plugins/Animation/ControlRig/Content/Controls/ControlRig_HalfCircle_solid.ubulk" 585
"../../../Engine/Plugins/Animation/ControlRig/Content/Controls/ControlRig_HalfCircle_solid.uasset" 586
"../../../Engine/Plugins/Animation/ControlRig/Content/Controls/ControlRig_HalfCircle_solid.uexp" 587
"../../../Engine/Plugins/Animation/ControlRig/Content/Controls/ControlRig_HalfCircle_3mm.ubulk" 588
"../../../Engine/Plugins/Animation/ControlRig/Content/Controls/ControlRig_HalfCircle_3mm.uasset" 589
"../../../Engine/Plugins/Animation/ControlRig/Content/Controls/ControlRig_HalfCircle_3mm.uexp" 590
"../../../Engine/Plugins/Animation/ControlRig/Content/Controls/ControlRig_HalfCircle_1mm.ubulk" 591
"../../../Engine/Plugins/Animation/ControlRig/Content/Controls/ControlRig_HalfCircle_1mm.uasset" 592
"../../../Engine/Plugins/Animation/ControlRig/Content/Controls/ControlRig_HalfCircle_1mm.uexp" 593
"../../../Engine/Plugins/Animation/ControlRig/Content/Controls/ControlRig_Diamond_solid.ubulk" 594
"../../../Engine/Plugins/Animation/ControlRig/Content/Controls/ControlRig_Diamond_solid.uasset" 595
"../../../Engine/Plugins/Animation/ControlRig/Content/Controls/ControlRig_Diamond_solid.uexp" 596
"../../../Engine/Plugins/Animation/ControlRig/Content/Controls/ControlRig_Diamond_3mm.ubulk" 597
"../../../Engine/Plugins/Animation/ControlRig/Content/Controls/ControlRig_Diamond_3mm.uasset" 598
"../../../Engine/Plugins/Animation/ControlRig/Content/Controls/ControlRig_Diamond_3mm.uexp" 599
"../../../Engine/Plugins/Animation/ControlRig/Content/Controls/ControlRig_Diamond_1mm.ubulk" 600
"../../../Engine/Plugins/Animation/ControlRig/Content/Controls/ControlRig_Diamond_1mm.uasset" 601
"../../../Engine/Plugins/Animation/ControlRig/Content/Controls/ControlRig_Diamond_1mm.uexp" 602
"../../../Engine/Plugins/Animation/ControlRig/Content/Controls/ControlRig_Circle_solid.ubulk" 603
"../../../Engine/Plugins/Animation/ControlRig/Content/Controls/ControlRig_Circle_solid.uasset" 604
"../../../Engine/Plugins/Animation/ControlRig/Content/Controls/ControlRig_Circle_solid.uexp" 605
"../../../Engine/Plugins/Animation/ControlRig/Content/Controls/ControlRig_Circle_3mm.ubulk" 606
"../../../Engine/Plugins/Animation/ControlRig/Content/Controls/ControlRig_Circle_3mm.uasset" 607
"../../../Engine/Plugins/Animation/ControlRig/Content/Controls/ControlRig_Circle_3mm.uexp" 608
"../../../Engine/Plugins/Animation/ControlRig/Content/Controls/ControlRig_Circle_1mm.ubulk" 609
"../../../Engine/Plugins/Animation/ControlRig/Content/Controls/ControlRig_Circle_1mm.uasset" 610
"../../../Engine/Plugins/Animation/ControlRig/Content/Controls/ControlRig_Circle_1mm.uexp" 611
"../../../Engine/Plugins/Animation/ControlRig/Content/Controls/ControlRig_Box_solid.ubulk" 612
"../../../Engine/Plugins/Animation/ControlRig/Content/Controls/ControlRig_Box_solid.uasset" 613
"../../../Engine/Plugins/Animation/ControlRig/Content/Controls/ControlRig_Box_solid.uexp" 614
"../../../Engine/Plugins/Animation/ControlRig/Content/Controls/ControlRig_Box_3mm.ubulk" 615
"../../../Engine/Plugins/Animation/ControlRig/Content/Controls/ControlRig_Box_3mm.uasset" 616
"../../../Engine/Plugins/Animation/ControlRig/Content/Controls/ControlRig_Box_3mm.uexp" 617
"../../../Engine/Plugins/Animation/ControlRig/Content/Controls/ControlRig_Box_1mm.ubulk" 618
"../../../Engine/Plugins/Animation/ControlRig/Content/Controls/ControlRig_Box_1mm.uasset" 619
"../../../Engine/Plugins/Animation/ControlRig/Content/Controls/ControlRig_Box_1mm.uexp" 620
"../../../Engine/Plugins/Animation/ControlRig/Content/Controls/ControlRig_Arrow_solid.ubulk" 621
"../../../Engine/Plugins/Animation/ControlRig/Content/Controls/ControlRig_Arrow_solid.uasset" 622
"../../../Engine/Plugins/Animation/ControlRig/Content/Controls/ControlRig_Arrow_solid.uexp" 623
"../../../Engine/Plugins/Animation/ControlRig/Content/Controls/ControlRig_Arrow_3mm.ubulk" 624
"../../../Engine/Plugins/Animation/ControlRig/Content/Controls/ControlRig_Arrow_3mm.uasset" 625
"../../../Engine/Plugins/Animation/ControlRig/Content/Controls/ControlRig_Arrow_3mm.uexp" 626
"../../../Engine/Plugins/Animation/ControlRig/Content/Controls/ControlRig_Arrow_1mm.ubulk" 627
"../../../Engine/Plugins/Animation/ControlRig/Content/Controls/ControlRig_Arrow_1mm.uasset" 628
"../../../Engine/Plugins/Animation/ControlRig/Content/Controls/ControlRig_Arrow_1mm.uexp" 629
"../../../Engine/Plugins/Animation/ControlRig/Content/Controls/ControlRig_Arrow4_solid.ubulk" 630
"../../../Engine/Plugins/Animation/ControlRig/Content/Controls/ControlRig_Arrow4_solid.uasset" 631
"../../../Engine/Plugins/Animation/ControlRig/Content/Controls/ControlRig_Arrow4_solid.uexp" 632
"../../../Engine/Plugins/Animation/ControlRig/Content/Controls/ControlRig_Arrow4_3mm.ubulk" 633
"../../../Engine/Plugins/Animation/ControlRig/Content/Controls/ControlRig_Arrow4_3mm.uasset" 634
"../../../Engine/Plugins/Animation/ControlRig/Content/Controls/ControlRig_Arrow4_3mm.uexp" 635
"../../../Engine/Plugins/Animation/ControlRig/Content/Controls/ControlRig_Arrow4_1mm.ubulk" 636
"../../../Engine/Plugins/Animation/ControlRig/Content/Controls/ControlRig_Arrow4_1mm.uasset" 637
"../../../Engine/Plugins/Animation/ControlRig/Content/Controls/ControlRig_Arrow4_1mm.uexp" 638
"../../../Engine/Plugins/Animation/ControlRig/Content/Controls/ControlRig_Arrow2_solid.ubulk" 639
"../../../Engine/Plugins/Animation/ControlRig/Content/Controls/ControlRig_Arrow2_solid.uasset" 640
"../../../Engine/Plugins/Animation/ControlRig/Content/Controls/ControlRig_Arrow2_solid.uexp" 641
"../../../Engine/Plugins/Animation/ControlRig/Content/Controls/ControlRig_Arrow2_3mm.ubulk" 642
"../../../Engine/Plugins/Animation/ControlRig/Content/Controls/ControlRig_Arrow2_3mm.uasset" 643
"../../../Engine/Plugins/Animation/ControlRig/Content/Controls/ControlRig_Arrow2_3mm.uexp" 644
"../../../Engine/Plugins/Animation/ControlRig/Content/Controls/ControlRig_Arrow2_1mm.ubulk" 645
"../../../Engine/Plugins/Animation/ControlRig/Content/Controls/ControlRig_Arrow2_1mm.uasset" 646
"../../../Engine/Plugins/Animation/ControlRig/Content/Controls/ControlRig_Arrow2_1mm.uexp" 647
"../../../Engine/Plugins/Animation/ControlRig/Content/Controls/ControlRigXRayMaterial.uasset" 648
"../../../Engine/Plugins/Animation/ControlRig/Content/Controls/ControlRigXRayMaterial.uexp" 649
"../../../Engine/Plugins/Animation/ControlRig/Content/Controls/ControlRigGizmoMaterial.uasset" 650
"../../../Engine/Plugins/Animation/ControlRig/Content/Controls/ControlRigGizmoMaterial.uexp" 651
"../../../Engine/Plugins/Editor/SpeedTreeImporter/Content/SpeedTree9/game_wind_noise.ubulk" 652
"../../../Engine/Plugins/Editor/SpeedTreeImporter/Content/SpeedTree9/game_wind_noise.uasset" 653
"../../../Engine/Plugins/Editor/SpeedTreeImporter/Content/SpeedTree9/game_wind_noise.uexp" 654
"../../../Engine/Plugins/Editor/SpeedTreeImporter/Content/SpeedTree9/UnpackDirection.uasset" 655
"../../../Engine/Plugins/Editor/SpeedTreeImporter/Content/SpeedTree9/UnpackDirection.uexp" 656
"../../../Engine/Content/Functions/Engine_MaterialFunctions02/ObjectLocalBounds.uasset" 657
"../../../Engine/Content/Functions/Engine_MaterialFunctions02/ObjectLocalBounds.uexp" 658
"../../../Engine/Content/Functions/Engine_MaterialFunctions02/UVs/BoundingBoxBased_0-1_UVW.uasset" 659
"../../../Engine/Content/Functions/Engine_MaterialFunctions02/UVs/BoundingBoxBased_0-1_UVW.uexp" 660
"../../../Engine/Content/Functions/Engine_MaterialFunctions02/Utility/VectorLength.uasset" 661
"../../../Engine/Content/Functions/Engine_MaterialFunctions02/Utility/VectorLength.uexp" 662
"../../../Engine/Plugins/Editor/SpeedTreeImporter/Content/SpeedTree9/UnpackInteger3.uasset" 663
"../../../Engine/Plugins/Editor/SpeedTreeImporter/Content/SpeedTree9/UnpackInteger3.uexp" 664
"../../../Engine/Plugins/Editor/SpeedTreeImporter/Content/SpeedTree9/SpeedTreeCameraFacing.uasset" 665
"../../../Engine/Plugins/Editor/SpeedTreeImporter/Content/SpeedTree9/SpeedTreeCameraFacing.uexp" 666
"../../../Engine/Content/Functions/Engine_MaterialFunctions02/WorldPositionOffset/ObjectScale.uasset" 667
"../../../Engine/Content/Functions/Engine_MaterialFunctions02/WorldPositionOffset/ObjectScale.uexp" 668
"../../../Engine/Content/Functions/Engine_MaterialFunctions02/SafeNormalize.uasset" 669
"../../../Engine/Content/Functions/Engine_MaterialFunctions02/SafeNormalize.uexp" 670
"../../../Engine/Plugins/Editor/SpeedTreeImporter/Content/SpeedTree9/SpeedTreeWindMotion.uasset" 671
"../../../Engine/Plugins/Editor/SpeedTreeImporter/Content/SpeedTree9/SpeedTreeWindMotion.uexp" 672
"../../../Engine/Plugins/Editor/SpeedTreeImporter/Content/SpeedTree9/SpeedTreeBranchMotion.uasset" 673
"../../../Engine/Plugins/Editor/SpeedTreeImporter/Content/SpeedTree9/SpeedTreeBranchMotion.uexp" 674
"../../../Engine/Plugins/Editor/SpeedTreeImporter/Content/SpeedTree9/SpeedTreeWind.uasset" 675
"../../../Engine/Plugins/Editor/SpeedTreeImporter/Content/SpeedTree9/SpeedTreeWind.uexp" 676
"../../../Engine/Plugins/Editor/SpeedTreeImporter/Content/SpeedTree9/EmptyNormal.uasset" 677
"../../../Engine/Plugins/Editor/SpeedTreeImporter/Content/SpeedTree9/EmptyNormal.uexp" 678
"../../../Engine/Plugins/Editor/SpeedTreeImporter/Content/SpeedTree9/Empty.uasset" 679
"../../../Engine/Plugins/Editor/SpeedTreeImporter/Content/SpeedTree9/Empty.uexp" 680
"../../../Engine/Plugins/Editor/SpeedTreeImporter/Content/SpeedTree9/SpeedTreeMaster.uasset" 681
"../../../Engine/Plugins/Editor/SpeedTreeImporter/Content/SpeedTree9/SpeedTreeMaster.uexp" 682
"../../../Engine/Plugins/Editor/SpeedTreeImporter/Content/SpeedTree9/SpeedTreeBillboard.uasset" 683
"../../../Engine/Plugins/Editor/SpeedTreeImporter/Content/SpeedTree9/SpeedTreeBillboard.uexp" 684
"../../../Engine/Plugins/Editor/SpeedTreeImporter/Content/SpeedTree9/SpeedTreeBillboardMaster.uasset" 685
"../../../Engine/Plugins/Editor/SpeedTreeImporter/Content/SpeedTree9/SpeedTreeBillboardMaster.uexp" 686
"../../../Engine/Content/Functions/Engine_MaterialFunctions02/Texturing/CustomRotator.uasset" 687
"../../../Engine/Content/Functions/Engine_MaterialFunctions02/Texturing/CustomRotator.uexp" 688
"../../../Engine/Content/Functions/Engine_MaterialFunctions02/Texturing/ScreenAlignedPixelToPixelUVs.uasset" 689
"../../../Engine/Content/Functions/Engine_MaterialFunctions02/Texturing/ScreenAlignedPixelToPixelUVs.uexp" 690
"../../../Engine/Plugins/Interchange/Runtime/Content/Utilities/T_Bayer64_Grayscale_64px.uasset" 691
"../../../Engine/Plugins/Interchange/Runtime/Content/Utilities/T_Bayer64_Grayscale_64px.uexp" 692
"../../../Engine/Plugins/Interchange/Runtime/Content/gltf/MaterialFunctions/MF_Temporal_Blur.uasset" 693
"../../../Engine/Plugins/Interchange/Runtime/Content/gltf/MaterialFunctions/MF_Temporal_Blur.uexp" 694
"../../../Engine/Plugins/Interchange/Runtime/Content/gltf/MaterialFunctions/MF_Fresnel_DS.uasset" 695
"../../../Engine/Plugins/Interchange/Runtime/Content/gltf/MaterialFunctions/MF_Fresnel_DS.uexp" 696
"../../../Engine/Plugins/Interchange/Runtime/Content/Functions/MX_Transmission.uasset" 697
"../../../Engine/Plugins/Interchange/Runtime/Content/Functions/MX_Transmission.uexp" 698
"../../../Engine/Plugins/Interchange/Runtime/Content/Functions/MF_OrenNayerView.uasset" 699
"../../../Engine/Plugins/Interchange/Runtime/Content/Functions/MF_OrenNayerView.uexp" 700
"../../../Engine/Plugins/Interchange/Runtime/Content/Functions/MF_SchlickApprox.uasset" 701
"../../../Engine/Plugins/Interchange/Runtime/Content/Functions/MF_SchlickApprox.uexp" 702
"../../../Engine/Plugins/Interchange/Runtime/Content/Utilities/New_LUT.uasset" 703
"../../../Engine/Plugins/Interchange/Runtime/Content/Utilities/New_LUT.uexp" 704
"../../../Engine/Content/Functions/Engine_MaterialFunctions03/Math/RemapValueRange.uasset" 705
"../../../Engine/Content/Functions/Engine_MaterialFunctions03/Math/RemapValueRange.uexp" 706
"../../../Engine/Plugins/Interchange/Runtime/Content/Functions/MF_Iridescence.uasset" 707
"../../../Engine/Plugins/Interchange/Runtime/Content/Functions/MF_Iridescence.uexp" 708
"../../../Engine/Plugins/Interchange/Runtime/Content/Functions/MX_StandardSurface.uasset" 709
"../../../Engine/Plugins/Interchange/Runtime/Content/Functions/MX_StandardSurface.uexp" 710
"../../../Engine/Plugins/Interchange/Runtime/Content/Functions/MX_TransmissionSurface.uasset" 711
"../../../Engine/Plugins/Interchange/Runtime/Content/Functions/MX_TransmissionSurface.uexp" 712
"../../../Engine/Content/Functions/Engine_MaterialFunctions02/Math/AddComponents.uasset" 713
"../../../Engine/Content/Functions/Engine_MaterialFunctions02/Math/AddComponents.uexp" 714
"../../../Engine/Content/Functions/Engine_MaterialFunctions02/WorldPositionOffset/V2/ObjectScale.uasset" 715
"../../../Engine/Content/Functions/Engine_MaterialFunctions02/WorldPositionOffset/V2/ObjectScale.uexp" 716
"../../../Engine/Plugins/Interchange/Runtime/Content/gltf/MaterialFunctions/MF_TransmissionOpacity.uasset" 717
"../../../Engine/Plugins/Interchange/Runtime/Content/gltf/MaterialFunctions/MF_TransmissionOpacity.uexp" 718
"../../../Engine/Plugins/Interchange/Runtime/Content/gltf/MaterialFunctions/MF_RotateV2.uasset" 719
"../../../Engine/Plugins/Interchange/Runtime/Content/gltf/MaterialFunctions/MF_RotateV2.uexp" 720
"../../../Engine/Plugins/Interchange/Runtime/Content/gltf/MaterialFunctions/MF_TransformUVs.uasset" 721
"../../../Engine/Plugins/Interchange/Runtime/Content/gltf/MaterialFunctions/MF_TransformUVs.uexp" 722
"../../../Engine/Plugins/Interchange/Runtime/Content/gltf/Textures/T_White_srgb.uasset" 723
"../../../Engine/Plugins/Interchange/Runtime/Content/gltf/Textures/T_White_srgb.uexp" 724
"../../../Engine/Plugins/Interchange/Runtime/Content/gltf/MaterialFunctions/MF_BaseColor.uasset" 725
"../../../Engine/Plugins/Interchange/Runtime/Content/gltf/MaterialFunctions/MF_BaseColor.uexp" 726
"../../../Engine/Plugins/Interchange/Runtime/Content/gltf/MaterialFunctions/MF_DiffuseSpecGloss.uasset" 727
"../../../Engine/Plugins/Interchange/Runtime/Content/gltf/MaterialFunctions/MF_DiffuseSpecGloss.uexp" 728
"../../../Engine/Plugins/Interchange/Runtime/Content/gltf/Textures/T_White_Linear.uasset" 729
"../../../Engine/Plugins/Interchange/Runtime/Content/gltf/Textures/T_White_Linear.uexp" 730
"../../../Engine/Plugins/Interchange/Runtime/Content/gltf/MaterialFunctions/MF_MetallicRoughness.uasset" 731
"../../../Engine/Plugins/Interchange/Runtime/Content/gltf/MaterialFunctions/MF_MetallicRoughness.uexp" 732
"../../../Engine/Plugins/Interchange/Runtime/Content/gltf/MaterialFunctions/MF_Transmission.uasset" 733
"../../../Engine/Plugins/Interchange/Runtime/Content/gltf/MaterialFunctions/MF_Transmission.uexp" 734
"../../../Engine/Plugins/Interchange/Runtime/Content/gltf/MaterialFunctions/MF_Occlusion.uasset" 735
"../../../Engine/Plugins/Interchange/Runtime/Content/gltf/MaterialFunctions/MF_Occlusion.uexp" 736
"../../../Engine/Plugins/Interchange/Runtime/Content/gltf/MaterialFunctions/MF_Specular.uasset" 737
"../../../Engine/Plugins/Interchange/Runtime/Content/gltf/MaterialFunctions/MF_Specular.uexp" 738
"../../../Engine/Plugins/Interchange/Runtime/Content/gltf/MaterialFunctions/MF_IOR.uasset" 739
"../../../Engine/Plugins/Interchange/Runtime/Content/gltf/MaterialFunctions/MF_IOR.uexp" 740
"../../../Engine/Content/Functions/Engine_MaterialFunctions01/Texturing/FlattenNormal.uasset" 741
"../../../Engine/Content/Functions/Engine_MaterialFunctions01/Texturing/FlattenNormal.uexp" 742
"../../../Engine/Content/Functions/Engine_MaterialFunctions02/Math/Transform3x3Matrix.uasset" 743
"../../../Engine/Content/Functions/Engine_MaterialFunctions02/Math/Transform3x3Matrix.uexp" 744
"../../../Engine/Plugins/Interchange/Runtime/Content/gltf/MaterialFunctions/MF_RotateNormals_TS.uasset" 745
"../../../Engine/Plugins/Interchange/Runtime/Content/gltf/MaterialFunctions/MF_RotateNormals_TS.uexp" 746
"../../../Engine/Plugins/Interchange/Runtime/Content/gltf/Textures/T_Generic_N.uasset" 747
"../../../Engine/Plugins/Interchange/Runtime/Content/gltf/Textures/T_Generic_N.uexp" 748
"../../../Engine/Plugins/Interchange/Runtime/Content/gltf/MaterialFunctions/MF_Normals.uasset" 749
"../../../Engine/Plugins/Interchange/Runtime/Content/gltf/MaterialFunctions/MF_Normals.uexp" 750
"../../../Engine/Plugins/Interchange/Runtime/Content/gltf/MaterialFunctions/MF_PerceivedBrightness.uasset" 751
"../../../Engine/Plugins/Interchange/Runtime/Content/gltf/MaterialFunctions/MF_PerceivedBrightness.uexp" 752
"../../../Engine/Plugins/Interchange/Runtime/Content/gltf/MaterialFunctions/MF_SpecGlossToMetalRoughness.uasset" 753
"../../../Engine/Plugins/Interchange/Runtime/Content/gltf/MaterialFunctions/MF_SpecGlossToMetalRoughness.uexp" 754
"../../../Engine/Plugins/Interchange/Runtime/Content/gltf/M_Transmission.uasset" 755
"../../../Engine/Plugins/Interchange/Runtime/Content/gltf/M_Transmission.uexp" 756
"../../../Engine/Plugins/Interchange/Runtime/Content/gltf/MaterialInstances_MR/MI_Transmission_TS.uasset" 757
"../../../Engine/Plugins/Interchange/Runtime/Content/gltf/MaterialInstances_MR/MI_Transmission_TS.uexp" 758
"../../../Engine/Plugins/Interchange/Runtime/Content/gltf/MaterialInstances_MR/MI_Transmission.uasset" 759
"../../../Engine/Plugins/Interchange/Runtime/Content/gltf/MaterialInstances_MR/MI_Transmission.uexp" 760
"../../../Engine/Plugins/Interchange/Runtime/Content/gltf/MaterialFunctions/MF_Clearcoat.uasset" 761
"../../../Engine/Plugins/Interchange/Runtime/Content/gltf/MaterialFunctions/MF_Clearcoat.uexp" 762
"../../../Engine/Plugins/Interchange/Runtime/Content/gltf/MaterialFunctions/MF_Emissive.uasset" 763
"../../../Engine/Plugins/Interchange/Runtime/Content/gltf/MaterialFunctions/MF_Emissive.uexp" 764
"../../../Engine/Plugins/Interchange/Runtime/Content/gltf/M_Translucent.uasset" 765
"../../../Engine/Plugins/Interchange/Runtime/Content/gltf/M_Translucent.uexp" 766
"../../../Engine/Plugins/Interchange/Runtime/Content/gltf/MaterialInstances_MR/MI_Translucent_TS.uasset" 767
"../../../Engine/Plugins/Interchange/Runtime/Content/gltf/MaterialInstances_MR/MI_Translucent_TS.uexp" 768
"../../../Engine/Plugins/Interchange/Runtime/Content/gltf/MaterialInstances_MR/MI_Translucent_ClearCoat_TS.uasset" 769
"../../../Engine/Plugins/Interchange/Runtime/Content/gltf/MaterialInstances_MR/MI_Translucent_ClearCoat_TS.uexp" 770
"../../../Engine/Plugins/Interchange/Runtime/Content/gltf/MaterialInstances_MR/MI_Translucent_ClearCoat.uasset" 771
"../../../Engine/Plugins/Interchange/Runtime/Content/gltf/MaterialInstances_MR/MI_Translucent_ClearCoat.uexp" 772
"../../../Engine/Plugins/Interchange/Runtime/Content/gltf/MaterialInstances_MR/MI_Translucent.uasset" 773
"../../../Engine/Plugins/Interchange/Runtime/Content/gltf/MaterialInstances_MR/MI_Translucent.uexp" 774
"../../../Engine/Plugins/Interchange/Runtime/Content/gltf/M_Unlit.uasset" 775
"../../../Engine/Plugins/Interchange/Runtime/Content/gltf/M_Unlit.uexp" 776
"../../../Engine/Plugins/Interchange/Runtime/Content/gltf/MaterialInstances_MR/MI_Opaque_Unlit_TS.uasset" 777
"../../../Engine/Plugins/Interchange/Runtime/Content/gltf/MaterialInstances_MR/MI_Opaque_Unlit_TS.uexp" 778
"../../../Engine/Plugins/Interchange/Runtime/Content/gltf/MaterialInstances_MR/MI_Opaque_Unlit.uasset" 779
"../../../Engine/Plugins/Interchange/Runtime/Content/gltf/MaterialInstances_MR/MI_Opaque_Unlit.uexp" 780
"../../../Engine/Plugins/Interchange/Runtime/Content/gltf/M_Opaque.uasset" 781
"../../../Engine/Plugins/Interchange/Runtime/Content/gltf/M_Opaque.uexp" 782
"../../../Engine/Plugins/Interchange/Runtime/Content/gltf/MaterialInstances_MR/MI_Opaque_TS.uasset" 783
"../../../Engine/Plugins/Interchange/Runtime/Content/gltf/MaterialInstances_MR/MI_Opaque_TS.uexp" 784
"../../../Engine/Plugins/Interchange/Runtime/Content/gltf/MaterialFunctions/MF_Sheen.uasset" 785
"../../../Engine/Plugins/Interchange/Runtime/Content/gltf/MaterialFunctions/MF_Sheen.uexp" 786
"../../../Engine/Content/Functions/Engine_MaterialFunctions01/Shading/FuzzyShading.uasset" 787
"../../../Engine/Content/Functions/Engine_MaterialFunctions01/Shading/FuzzyShading.uexp" 788
"../../../Engine/Plugins/Interchange/Runtime/Content/gltf/M_Sheen.uasset" 789
"../../../Engine/Plugins/Interchange/Runtime/Content/gltf/M_Sheen.uexp" 790
"../../../Engine/Plugins/Interchange/Runtime/Content/gltf/MaterialInstances_MR/MI_Opaque_Sheen_TS.uasset" 791
"../../../Engine/Plugins/Interchange/Runtime/Content/gltf/MaterialInstances_MR/MI_Opaque_Sheen_TS.uexp" 792
"../../../Engine/Plugins/Interchange/Runtime/Content/gltf/MaterialInstances_MR/MI_Opaque_Sheen.uasset" 793
"../../../Engine/Plugins/Interchange/Runtime/Content/gltf/MaterialInstances_MR/MI_Opaque_Sheen.uexp" 794
"../../../Engine/Plugins/Interchange/Runtime/Content/gltf/MaterialInstances_MR/MI_Opaque_ClearCoat_TS.uasset" 795
"../../../Engine/Plugins/Interchange/Runtime/Content/gltf/MaterialInstances_MR/MI_Opaque_ClearCoat_TS.uexp" 796
"../../../Engine/Plugins/Interchange/Runtime/Content/gltf/MaterialInstances_MR/MI_Opaque_ClearCoat.uasset" 797
"../../../Engine/Plugins/Interchange/Runtime/Content/gltf/MaterialInstances_MR/MI_Opaque_ClearCoat.uexp" 798
"../../../Engine/Plugins/Interchange/Runtime/Content/gltf/MaterialInstances_MR/MI_Opaque.uasset" 799
"../../../Engine/Plugins/Interchange/Runtime/Content/gltf/MaterialInstances_MR/MI_Opaque.uexp" 800
"../../../Engine/Plugins/Interchange/Runtime/Content/gltf/MaterialInstances_SG/MI_Transmission_TS.uasset" 801
"../../../Engine/Plugins/Interchange/Runtime/Content/gltf/MaterialInstances_SG/MI_Transmission_TS.uexp" 802
"../../../Engine/Plugins/Interchange/Runtime/Content/gltf/MaterialInstances_SG/MI_Transmission.uasset" 803
"../../../Engine/Plugins/Interchange/Runtime/Content/gltf/MaterialInstances_SG/MI_Transmission.uexp" 804
"../../../Engine/Plugins/Interchange/Runtime/Content/gltf/MaterialInstances_SG/MI_Translucent_TS.uasset" 805
"../../../Engine/Plugins/Interchange/Runtime/Content/gltf/MaterialInstances_SG/MI_Translucent_TS.uexp" 806
"../../../Engine/Plugins/Interchange/Runtime/Content/gltf/MaterialInstances_SG/MI_Translucent_ClearCoat_TS.uasset" 807
"../../../Engine/Plugins/Interchange/Runtime/Content/gltf/MaterialInstances_SG/MI_Translucent_ClearCoat_TS.uexp" 808
"../../../Engine/Plugins/Interchange/Runtime/Content/gltf/MaterialInstances_SG/MI_Translucent_ClearCoat.uasset" 809
"../../../Engine/Plugins/Interchange/Runtime/Content/gltf/MaterialInstances_SG/MI_Translucent_ClearCoat.uexp" 810
"../../../Engine/Plugins/Interchange/Runtime/Content/gltf/MaterialInstances_SG/MI_Translucent.uasset" 811
"../../../Engine/Plugins/Interchange/Runtime/Content/gltf/MaterialInstances_SG/MI_Translucent.uexp" 812
"../../../Engine/Plugins/Interchange/Runtime/Content/gltf/MaterialInstances_SG/MI_Opaque_TS.uasset" 813
"../../../Engine/Plugins/Interchange/Runtime/Content/gltf/MaterialInstances_SG/MI_Opaque_TS.uexp" 814
"../../../Engine/Plugins/Interchange/Runtime/Content/gltf/MaterialInstances_SG/MI_Opaque_Sheen_TS.uasset" 815
"../../../Engine/Plugins/Interchange/Runtime/Content/gltf/MaterialInstances_SG/MI_Opaque_Sheen_TS.uexp" 816
"../../../Engine/Plugins/Interchange/Runtime/Content/gltf/MaterialInstances_SG/MI_Opaque_Sheen.uasset" 817
"../../../Engine/Plugins/Interchange/Runtime/Content/gltf/MaterialInstances_SG/MI_Opaque_Sheen.uexp" 818
"../../../Engine/Plugins/Interchange/Runtime/Content/gltf/MaterialInstances_SG/MI_Opaque_ClearCoat_TS.uasset" 819
"../../../Engine/Plugins/Interchange/Runtime/Content/gltf/MaterialInstances_SG/MI_Opaque_ClearCoat_TS.uexp" 820
"../../../Engine/Plugins/Interchange/Runtime/Content/gltf/MaterialInstances_SG/MI_Opaque_ClearCoat.uasset" 821
"../../../Engine/Plugins/Interchange/Runtime/Content/gltf/MaterialInstances_SG/MI_Opaque_ClearCoat.uexp" 822
"../../../Engine/Plugins/Interchange/Runtime/Content/gltf/MaterialInstances_SG/MI_Opaque.uasset" 823
"../../../Engine/Plugins/Interchange/Runtime/Content/gltf/MaterialInstances_SG/MI_Opaque.uexp" 824
"../../../Engine/Plugins/Interchange/Runtime/Content/gltf/Textures/T_Gray_Linear.uasset" 825
"../../../Engine/Plugins/Interchange/Runtime/Content/gltf/Textures/T_Gray_Linear.uexp" 826
"../../../Engine/Plugins/Interchange/Runtime/Content/gltf/Textures/T_Black_srgb.uasset" 827
"../../../Engine/Plugins/Interchange/Runtime/Content/gltf/Textures/T_Black_srgb.uexp" 828
"../../../Engine/Plugins/Interchange/Runtime/Content/Materials/UnlitMaterial.uasset" 829
"../../../Engine/Plugins/Interchange/Runtime/Content/Materials/UnlitMaterial.uexp" 830
"../../../Engine/Content/EngineMaterials/DefaultNormal.ubulk" 831
"../../../Engine/Content/EngineMaterials/DefaultNormal.uasset" 832
"../../../Engine/Content/EngineMaterials/DefaultNormal.uexp" 833
"../../../Engine/Plugins/Interchange/Runtime/Content/Materials/MapOrScalarFunction.uasset" 834
"../../../Engine/Plugins/Interchange/Runtime/Content/Materials/MapOrScalarFunction.uexp" 835
"../../../Engine/Plugins/Interchange/Runtime/Content/Materials/MapOrLinearColorFunction.uasset" 836
"../../../Engine/Plugins/Interchange/Runtime/Content/Materials/MapOrLinearColorFunction.uexp" 837
"../../../Engine/Plugins/Interchange/Runtime/Content/Materials/MapOrColorFunction.uasset" 838
"../../../Engine/Plugins/Interchange/Runtime/Content/Materials/MapOrColorFunction.uexp" 839
"../../../Engine/Plugins/Interchange/Runtime/Content/Materials/CommonMaterial.uasset" 840
"../../../Engine/Plugins/Interchange/Runtime/Content/Materials/CommonMaterial.uexp" 841
"../../../Engine/Plugins/Interchange/Runtime/Content/Materials/PBRSurfaceFunction.uasset" 842
"../../../Engine/Plugins/Interchange/Runtime/Content/Materials/PBRSurfaceFunction.uexp" 843
"../../../Engine/Plugins/Interchange/Runtime/Content/Materials/ThinTranslucentMaterial.uasset" 844
"../../../Engine/Plugins/Interchange/Runtime/Content/Materials/ThinTranslucentMaterial.uexp" 845
"../../../Engine/Plugins/Interchange/Runtime/Content/Materials/SubsurfaceMaterial.uasset" 846
"../../../Engine/Plugins/Interchange/Runtime/Content/Materials/SubsurfaceMaterial.uexp" 847
"../../../Engine/Plugins/Interchange/Runtime/Content/Materials/SheenMaterial.uasset" 848
"../../../Engine/Plugins/Interchange/Runtime/Content/Materials/SheenMaterial.uexp" 849
"../../../Engine/Content/Functions/Engine_MaterialFunctions01/Shading/ConvertFromDiffSpec.uasset" 850
"../../../Engine/Content/Functions/Engine_MaterialFunctions01/Shading/ConvertFromDiffSpec.uexp" 851
"../../../Engine/Plugins/Interchange/Runtime/Content/Materials/PhongSurfaceMaterial.uasset" 852
"../../../Engine/Plugins/Interchange/Runtime/Content/Materials/PhongSurfaceMaterial.uexp" 853
"../../../Engine/Plugins/Interchange/Runtime/Content/Materials/PBRSurfaceMaterial.uasset" 854
"../../../Engine/Plugins/Interchange/Runtime/Content/Materials/PBRSurfaceMaterial.uexp" 855
"../../../Engine/Content/EngineMaterials/FlatNormal.uasset" 856
"../../../Engine/Content/EngineMaterials/FlatNormal.uexp" 857
"../../../Engine/Content/EditorLandscapeResources/WhiteSquareTexture.uasset" 858
"../../../Engine/Content/EditorLandscapeResources/WhiteSquareTexture.uexp" 859
"../../../Engine/Plugins/Interchange/Runtime/Content/Materials/OrenNayerMaterial.uasset" 860
"../../../Engine/Plugins/Interchange/Runtime/Content/Materials/OrenNayerMaterial.uexp" 861
"../../../Engine/Plugins/Interchange/Runtime/Content/Materials/LambertSurfaceMaterial.uasset" 862
"../../../Engine/Plugins/Interchange/Runtime/Content/Materials/LambertSurfaceMaterial.uexp" 863
"../../../Engine/Plugins/Interchange/Runtime/Content/Materials/ClearCoatMaterial.uasset" 864
"../../../Engine/Plugins/Interchange/Runtime/Content/Materials/ClearCoatMaterial.uexp" 865
"../../../Engine/Plugins/Interchange/Runtime/Content/Pipelines/DefaultTexturePipeline.uasset" 866
"../../../Engine/Plugins/Interchange/Runtime/Content/Pipelines/DefaultTexturePipeline.uexp" 867
"../../../Engine/Plugins/Interchange/Runtime/Content/Pipelines/DefaultSceneLevelPipeline.uasset" 868
"../../../Engine/Plugins/Interchange/Runtime/Content/Pipelines/DefaultSceneLevelPipeline.uexp" 869
"../../../Engine/Plugins/Interchange/Runtime/Content/Pipelines/DefaultSceneAssetsPipeline.uasset" 870
"../../../Engine/Plugins/Interchange/Runtime/Content/Pipelines/DefaultSceneAssetsPipeline.uexp" 871
"../../../Engine/Plugins/Interchange/Runtime/Content/Pipelines/DefaultMaterialPipeline.uasset" 872
"../../../Engine/Plugins/Interchange/Runtime/Content/Pipelines/DefaultMaterialPipeline.uexp" 873
"../../../Engine/Plugins/Interchange/Runtime/Content/Pipelines/DefaultAssetsPipeline.uasset" 874
"../../../Engine/Plugins/Interchange/Runtime/Content/Pipelines/DefaultAssetsPipeline.uexp" 875
"../../../Engine/Plugins/Runtime/MeshModelingToolset/Content/Materials/M_DynamicMeshComponentVtxColor.uasset" 876
"../../../Engine/Plugins/Runtime/MeshModelingToolset/Content/Materials/M_DynamicMeshComponentVtxColor.uexp" 877
"C:/Users/James Robertson/Documents/Unreal Projects/AT_UE5_OWLS/Content/TempBP.uasset" 878
"C:/Users/James Robertson/Documents/Unreal Projects/AT_UE5_OWLS/Content/TempBP.uexp" 879
"C:/Users/James Robertson/Documents/Unreal Projects/AT_UE5_OWLS/Content/MyGreedyChunk.uasset" 880
"C:/Users/James Robertson/Documents/Unreal Projects/AT_UE5_OWLS/Content/MyGreedyChunk.uexp" 881
"C:/Users/James Robertson/Documents/Unreal Projects/AT_UE5_OWLS/Content/MyVoxelWorldInstance.uasset" 882
"C:/Users/James Robertson/Documents/Unreal Projects/AT_UE5_OWLS/Content/MyVoxelWorldInstance.uexp" 883
"C:/Users/James Robertson/Documents/Unreal Projects/AT_UE5_OWLS/Content/Characters/Mannequins/Textures/Manny/T_Manny_02_MSR_MSK.ubulk" 884
"C:/Users/James Robertson/Documents/Unreal Projects/AT_UE5_OWLS/Content/Characters/Mannequins/Textures/Manny/T_Manny_02_MSR_MSK.uasset" 885
"C:/Users/James Robertson/Documents/Unreal Projects/AT_UE5_OWLS/Content/Characters/Mannequins/Textures/Manny/T_Manny_02_MSR_MSK.uexp" 886
"C:/Users/James Robertson/Documents/Unreal Projects/AT_UE5_OWLS/Content/Characters/Mannequins/Textures/Manny/T_Manny_02_CCRCCPlastic_MSK.ubulk" 887
"C:/Users/James Robertson/Documents/Unreal Projects/AT_UE5_OWLS/Content/Characters/Mannequins/Textures/Manny/T_Manny_02_CCRCCPlastic_MSK.uasset" 888
"C:/Users/James Robertson/Documents/Unreal Projects/AT_UE5_OWLS/Content/Characters/Mannequins/Textures/Manny/T_Manny_02_CCRCCPlastic_MSK.uexp" 889
"C:/Users/James Robertson/Documents/Unreal Projects/AT_UE5_OWLS/Content/Characters/Mannequins/Textures/Manny/T_Manny_02_Tan.ubulk" 890
"C:/Users/James Robertson/Documents/Unreal Projects/AT_UE5_OWLS/Content/Characters/Mannequins/Textures/Manny/T_Manny_02_Tan.uasset" 891
"C:/Users/James Robertson/Documents/Unreal Projects/AT_UE5_OWLS/Content/Characters/Mannequins/Textures/Manny/T_Manny_02_Tan.uexp" 892
"C:/Users/James Robertson/Documents/Unreal Projects/AT_UE5_OWLS/Content/Characters/Mannequins/Textures/Manny/T_Manny_02_N.ubulk" 893
"C:/Users/James Robertson/Documents/Unreal Projects/AT_UE5_OWLS/Content/Characters/Mannequins/Textures/Manny/T_Manny_02_N.uasset" 894
"C:/Users/James Robertson/Documents/Unreal Projects/AT_UE5_OWLS/Content/Characters/Mannequins/Textures/Manny/T_Manny_02_N.uexp" 895
"C:/Users/James Robertson/Documents/Unreal Projects/AT_UE5_OWLS/Content/Characters/Mannequins/Materials/Instances/Manny/MI_Manny_01.uasset" 896
"C:/Users/James Robertson/Documents/Unreal Projects/AT_UE5_OWLS/Content/Characters/Mannequins/Materials/Instances/Manny/MI_Manny_01.uexp" 897
"C:/Users/James Robertson/Documents/Unreal Projects/AT_UE5_OWLS/Content/Characters/Mannequins/Textures/Manny/T_Manny_02_BN.ubulk" 898
"C:/Users/James Robertson/Documents/Unreal Projects/AT_UE5_OWLS/Content/Characters/Mannequins/Textures/Manny/T_Manny_02_BN.uasset" 899
"C:/Users/James Robertson/Documents/Unreal Projects/AT_UE5_OWLS/Content/Characters/Mannequins/Textures/Manny/T_Manny_02_BN.uexp" 900
"C:/Users/James Robertson/Documents/Unreal Projects/AT_UE5_OWLS/Content/Characters/Mannequins/Textures/Manny/T_Manny_02_ASAOPMASK_MSK.ubulk" 901
"C:/Users/James Robertson/Documents/Unreal Projects/AT_UE5_OWLS/Content/Characters/Mannequins/Textures/Manny/T_Manny_02_ASAOPMASK_MSK.uasset" 902
"C:/Users/James Robertson/Documents/Unreal Projects/AT_UE5_OWLS/Content/Characters/Mannequins/Textures/Manny/T_Manny_02_ASAOPMASK_MSK.uexp" 903
"C:/Users/James Robertson/Documents/Unreal Projects/AT_UE5_OWLS/Content/Characters/Mannequins/Textures/Manny/T_Manny_02_D.ubulk" 904
"C:/Users/James Robertson/Documents/Unreal Projects/AT_UE5_OWLS/Content/Characters/Mannequins/Textures/Manny/T_Manny_02_D.uasset" 905
"C:/Users/James Robertson/Documents/Unreal Projects/AT_UE5_OWLS/Content/Characters/Mannequins/Textures/Manny/T_Manny_02_D.uexp" 906
"C:/Users/James Robertson/Documents/Unreal Projects/AT_UE5_OWLS/Content/Characters/Mannequins/Materials/Instances/Manny/MI_Manny_02.uasset" 907
"C:/Users/James Robertson/Documents/Unreal Projects/AT_UE5_OWLS/Content/Characters/Mannequins/Materials/Instances/Manny/MI_Manny_02.uexp" 908
"C:/Users/James Robertson/Documents/Unreal Projects/AT_UE5_OWLS/Content/Characters/Mannequins/Meshes/SKM_Manny_Simple.uasset" 909
"C:/Users/James Robertson/Documents/Unreal Projects/AT_UE5_OWLS/Content/Characters/Mannequins/Meshes/SKM_Manny_Simple.uexp" 910
"../../../Engine/Plugins/Animation/ControlRig/Content/Controls/DefaultGizmoLibraryNormalized.uasset" 911
"../../../Engine/Plugins/Animation/ControlRig/Content/Controls/DefaultGizmoLibraryNormalized.uexp" 912
"C:/Users/James Robertson/Documents/Unreal Projects/AT_UE5_OWLS/Content/Characters/Mannequins/Rigs/CR_Mannequin_Body.uasset" 913
"C:/Users/James Robertson/Documents/Unreal Projects/AT_UE5_OWLS/Content/Characters/Mannequins/Rigs/CR_Mannequin_Body.uexp" 914
"../../../Engine/Content/Maps/Templates/HLODs/HLODLayer_Instanced.uasset" 915
"../../../Engine/Content/Maps/Templates/HLODs/HLODLayer_Instanced.uexp" 916
"C:/Users/James Robertson/Documents/Unreal Projects/AT_UE5_OWLS/Content/ThirdPerson/Maps/ThirdPersonMap.uexp" 917
"C:/Users/James Robertson/Documents/Unreal Projects/AT_UE5_OWLS/Content/ThirdPerson/Maps/ThirdPersonMap.umap" 918
"../../../Engine/Content/Maps/Entry_BuiltData.uasset" 919
"../../../Engine/Content/Maps/Entry_BuiltData.uexp" 920
"../../../Engine/Content/Maps/Entry.uexp" 921
"../../../Engine/Content/Maps/Entry.umap" 922
